Microchip MPLAB XC8 Compiler V2.41

Linker command line:

-W-3 \
  --edf=C:/Users/gaeta/.mchp_packs/Microchip/PIC16F1xxxx_DFP/1.18.352/xc8\pic\dat\20230322162823_en.msgs \
  -cn -h+dist/default/debug\PingPong_Student-master.debug.sym \
  --cmf=dist/default/debug\PingPong_Student-master.debug.cmf -z -Q16F18345 \
  -oC:\Users\gaeta\AppData\Local\Temp\xcAs8j8.\driver_tmp_3.o \
  --defsym=__MPLAB_BUILD=1 --fixupoverflow=error \
  -Mdist/default/debug/PingPong_Student-master.debug.map \
  --md=C:\Users\gaeta\AppData\Local\Temp\xcAs8j8.\driver_tmp_0.dat -E1 \
  -ver=XC8 Compiler --acfsm=1493 -ACODE=00h-07FFhx4 -ASTRCODE=00h-01FFFh \
  -ASTRING=00h-0FFhx32 -ACONST=00h-0FFhx32 -AENTRY=00h-0FFhx32 \
  -ACOMMON=070h-07Fh -ABANK0=020h-06Fh -ABANK1=0A0h-0EFh \
  -ABANK2=0120h-016Fh -ABANK3=01A0h-01EFh -ABANK4=0220h-026Fh \
  -ABANK5=02A0h-02EFh -ABANK6=0320h-036Fh -ABANK7=03A0h-03EFh \
  -ABANK8=0420h-046Fh -ABANK9=04A0h-04EFh -ABANK10=0520h-056Fh \
  -ABANK11=05A0h-05EFh -ABANK12=0620h-064Fh -ABIGRAM=02000h-023EFh \
  -ARAM=020h-06Fh,0A0h-0EFh,0120h-016Fh,01A0h-01EFh,0220h-026Fh,02A0h-02EFh,0320h-036Fh,03A0h-03EFh,0420h-046Fh,04A0h-04EFh,0520h-056Fh,05A0h-05EFh,0620h-064Fh \
  -AABS1=020h-07Fh,0A0h-0EFh,0120h-016Fh,01A0h-01EFh,0220h-026Fh,02A0h-02EFh,0320h-036Fh,03A0h-03EFh,0420h-046Fh,04A0h-04EFh,0520h-056Fh,05A0h-05EFh,0620h-064Fh \
  -ASFR0=00h-01Fh -ASFR1=080h-09Fh -ASFR2=0100h-011Fh -ASFR3=0180h-019Fh \
  -ASFR4=0200h-021Fh -ASFR5=0280h-029Fh -ASFR6=0300h-031Fh \
  -ASFR7=0380h-039Fh -ASFR8=0400h-041Fh -ASFR9=0480h-049Fh \
  -ASFR10=0500h-051Fh -ASFR11=0580h-059Fh -ASFR12=0600h-061Fh \
  -ASFR13=0680h-06EFh -ASFR14=0700h-076Fh -ASFR15=0780h-07EFh \
  -ASFR16=0800h-086Fh -ASFR17=0880h-08EFh -ASFR18=0900h-096Fh \
  -ASFR19=0980h-09EFh -ASFR20=0A00h-0A6Fh -ASFR21=0A80h-0AEFh \
  -ASFR22=0B00h-0B6Fh -ASFR23=0B80h-0BEFh -ASFR24=0C00h-0C6Fh \
  -ASFR25=0C80h-0CEFh -ASFR26=0D00h-0D6Fh -ASFR27=0D80h-0DEFh \
  -ASFR28=0E00h-0E6Fh -ASFR29=0E80h-0EEFh -ASFR30=0F00h-0F6Fh \
  -ASFR31=0F80h-0FEFh -ACONFIG=08007h-0800Ah -DCONFIG=2 \
  -AIDLOC=08000h-08003h -DIDLOC=2 -AEEDATA=00h-0FFh/0F000h \
  -peeprom_data=EEDATA -DEEDATA=2 -DCODE=2 -DSTRCODE=2 -DSTRING=2 -DCONST=2 \
  -DENTRY=2 -preset_vec=00h,intentry=04h,init,end_init -ppowerup=CODE \
  -pcinit=CODE -pfunctab=ENTRY -k \
  C:\Users\gaeta\AppData\Local\Temp\xcAs8j8.\driver_tmp_20.o \
  dist/default/debug\PingPong_Student-master.debug.o 

Object code version is 3.11

Machine type is 16F18345



                Name                               Link     Load   Length Selector   Space Scale
C:\Users\gaeta\AppData\Local\Temp\xcAs8j8.\driver_tmp_20.o
                end_init                             3C       3C        2        8       0
                reset_vec                             0        0        3        0       0
                config                             8007     8007        4        0       4
dist/default/debug\PingPong_Student-master.debug.o
                cinit                                3E       3E       38        8       0
                intentry                              4        4       38        8       0
                config                             8007     8007        4        0       4
                text82                             1476     1476        6     28EC       0
                text81                             1555     1555        D     2AAA       0
                text80                             1761     1761       2D     2EC2       0
                text79                             1453     1453        1     28A6       0
                text78                             157C     157C        F     2AF8       0
                text77                             1620     1620       19     2C40       0
                text76                             145A     145A        4     28B4       0
                text75                                3        3        1        0       0
                text74                             145E     145E        4     28BC       0
                text73                             178E     178E       39     2F1C       0
                text72                             16F9     16F9       22     2DF2       0
                text70                             1639     1639       19     2C72       0
                text69                              2B1      2B1      208        8       0
                text68                             173D     173D       24     2E7A       0
                text67                               76       76      23B        8       0
                text66                              764      764       71        8       0
                text65                              BEE      BEE       AB     17DC       0
                text64                             1503     1503        B     2A06       0
                text63                             150E     150E        B     2A1C       0
                text62                              E20      E20       E8     1C40       0
                text61                             147C     147C        6     28F8       0
                text60                             15CD     15CD       12     2B9A       0
                text59                             1482     1482        6     2904       0
                text58                             1488     1488        6     2910       0
                text57                             148E     148E        6     291C       0
                text56                             1494     1494        6     2928       0
                text55                             149A     149A        6     2934       0
                text54                              824      824       3D     1048       0
                text53                             1519     1519        C     2A32       0
                text52                             17C7     17C7       39     2F8E       0
                text51                             14B9     14B9        8     2972       0
                text50                             1525     1525        C     2A4A       0
                text49                             15DF     15DF       14     2BBE       0
                text48                             14DB     14DB        A     29B6       0
                text47                             14C1     14C1        8     2982       0
                text46                             14E5     14E5        A     29CA       0
                text45                              7FC      7FC        4        8       0
                text44                             171B     171B       22     2E36       0
                text43                             1462     1462        5     28C4       0
                text42                             1562     1562        D     2AC4       0
                text41                             156F     156F        D     2ADE       0
                text40                             1531     1531        C     2A62       0
                text39                              A2F      A2F       5F     145E       0
                text38                             1467     1467        5     28CE       0
                text37                             1609     1609       17     2C12       0
                text36                             146C     146C        5     28D8       0
                text35                             14A0     14A0        6     2940       0
                text34                             15AB     15AB       11     2B56       0
                text33                             15BC     15BC       11     2B78       0
                text32                             1454     1454        3     28A8       0
                text31                             1457     1457        3     28AE       0
                text30                             16D9     16D9       20     2DB2       0
                text29                              9D4      9D4       5B     13A8       0
                text28                              8E6      8E6       4B     11CC       0
                text27                              7D5      7D5       27        8       0
                text26                             1652     1652       1A     2CA4       0
                text25                              AED      AED       62     15DA       0
                text24                             14B2     14B2        7     2964       0
                text23                              A8E      A8E       5F     151C       0
                text22                              931      931       4B     1262       0
                text21                             16BB     16BB       1E     2D76       0
                text20                             158B     158B       10     2B16       0
                text19                              B4F      B4F       9F     169E       0
                text18                             14C9     14C9        9     2992       0
                text17                              C99      C99       B4     1932       0
                text16                             14EF     14EF        A     29DE       0
                text15                             14F9     14F9        A     29F2       0
                text14                             1471     1471        5     28E2       0
                text13                              800      800       24     1000       0
                text12                             14D2     14D2        9     29A4       0
                text11                              97C      97C       58     12F8       0
                text10                              4B9      4B9      1AA        8       0
                text9                               F08      F08       F8     1E10       0
                text8                              15F3     15F3       16     2BE6       0
                text7                               861      861       40     10C2       0
                text6                               663      663      101        8       0
                text5                              153D     153D        C     2A7A       0
                text4                              16A0     16A0       1B     2D40       0
                text3                              166C     166C       1A     2CD8       0
                text2                              1686     1686       1A     2D0C       0
                text1                               D4D      D4D       D3     1A9A       0
                maintext                            8A1      8A1       45     1142       0
                cstackBANK0                          20       20       50       20       1
                cstackCOMMON                         70       70        6       70       1
                cstackBANK1                          D2       D2       12       A0       1
                clrtext                            14A6     14A6        6     294C       0
                inittext                           14AC     14AC        6     2958       0
                bssBANK3                            1A0      1A0       20      1A0       1
                dataBANK2                           14F      14F       10      120       1
                bssBANK2                            120      120       2F      120       1
                dataBANK1                            E4       E4        C       A0       1
                bssBANK1                             A0       A0       32       A0       1
                bssCOMMON                            76       76        4       70       1
                stringtext15                       18AD     18AD        2     3000       0
                stringtext14                       18A9     18A9        4     3000       0
                stringtext13                       18A5     18A5        4     3000       0
                stringtext12                       18A0     18A0        5     3000       0
                stringtext11                       1899     1899        7     3000       0
                stringtext10                       1892     1892        7     3000       0
                stringtext9                        1889     1889        9     3000       0
                stringtext8                        187F     187F        A     3000       0
                stringtext7                        1873     1873        C     3000       0
                stringtext6                        1866     1866        D     3000       0
                stringtext5                        1859     1859        D     3000       0
                stringtext4                        184A     184A        F     3000       0
                stringtext3                        1820     1820       16     3000       0
                stringtext2                        1800     1800       20     3000       0
                stringtext1                        1836     1836       14     3000       0
                idataBANK2                         159B     159B       10     2B36       0
                idataBANK1                         1549     1549        C     2A92       0

TOTAL           Name                               Link     Load   Length     Space
        CLASS   CODE           
                end_init                             3C       3C        2         0
                cinit                                3E       3E       38         0
                intentry                              4        4       38         0
                reset_vec                             0        0        3         0
                text82                             1476     1476        6         0
                text81                             1555     1555        D         0
                text80                             1761     1761       2D         0
                text79                             1453     1453        1         0
                text78                             157C     157C        F         0
                text77                             1620     1620       19         0
                text76                             145A     145A        4         0
                text75                                3        3        1         0
                text74                             145E     145E        4         0
                text73                             178E     178E       39         0
                text72                             16F9     16F9       22         0
                text70                             1639     1639       19         0
                text69                              2B1      2B1      208         0
                text68                             173D     173D       24         0
                text67                               76       76      23B         0
                text66                              764      764       71         0
                text65                              BEE      BEE       AB         0
                text64                             1503     1503        B         0
                text63                             150E     150E        B         0
                text62                              E20      E20       E8         0
                text61                             147C     147C        6         0
                text60                             15CD     15CD       12         0
                text59                             1482     1482        6         0
                text58                             1488     1488        6         0
                text57                             148E     148E        6         0
                text56                             1494     1494        6         0
                text55                             149A     149A        6         0
                text54                              824      824       3D         0
                text53                             1519     1519        C         0
                text52                             17C7     17C7       39         0
                text51                             14B9     14B9        8         0
                text50                             1525     1525        C         0
                text49                             15DF     15DF       14         0
                text48                             14DB     14DB        A         0
                text47                             14C1     14C1        8         0
                text46                             14E5     14E5        A         0
                text45                              7FC      7FC        4         0
                text44                             171B     171B       22         0
                text43                             1462     1462        5         0
                text42                             1562     1562        D         0
                text41                             156F     156F        D         0
                text40                             1531     1531        C         0
                text39                              A2F      A2F       5F         0
                text38                             1467     1467        5         0
                text37                             1609     1609       17         0
                text36                             146C     146C        5         0
                text35                             14A0     14A0        6         0
                text34                             15AB     15AB       11         0
                text33                             15BC     15BC       11         0
                text32                             1454     1454        3         0
                text31                             1457     1457        3         0
                text30                             16D9     16D9       20         0
                text29                              9D4      9D4       5B         0
                text28                              8E6      8E6       4B         0
                text27                              7D5      7D5       27         0
                text26                             1652     1652       1A         0
                text25                              AED      AED       62         0
                text24                             14B2     14B2        7         0
                text23                              A8E      A8E       5F         0
                text22                              931      931       4B         0
                text21                             16BB     16BB       1E         0
                text20                             158B     158B       10         0
                text19                              B4F      B4F       9F         0
                text18                             14C9     14C9        9         0
                text17                              C99      C99       B4         0
                text16                             14EF     14EF        A         0
                text15                             14F9     14F9        A         0
                text14                             1471     1471        5         0
                text13                              800      800       24         0
                text12                             14D2     14D2        9         0
                text11                              97C      97C       58         0
                text10                              4B9      4B9      1AA         0
                text9                               F08      F08       F8         0
                text8                              15F3     15F3       16         0
                text7                               861      861       40         0
                text6                               663      663      101         0
                text5                              153D     153D        C         0
                text4                              16A0     16A0       1B         0
                text3                              166C     166C       1A         0
                text2                              1686     1686       1A         0
                text1                               D4D      D4D       D3         0
                maintext                            8A1      8A1       45         0
                clrtext                            14A6     14A6        6         0
                inittext                           14AC     14AC        6         0
                idataBANK2                         159B     159B       10         0
                idataBANK1                         1549     1549        C         0

        CLASS   STRCODE        
                stringtext15                       18AD     18AD        2         0
                stringtext14                       18A9     18A9        4         0
                stringtext13                       18A5     18A5        4         0
                stringtext12                       18A0     18A0        5         0
                stringtext11                       1899     1899        7         0
                stringtext10                       1892     1892        7         0
                stringtext9                        1889     1889        9         0
                stringtext8                        187F     187F        A         0
                stringtext7                        1873     1873        C         0
                stringtext6                        1866     1866        D         0
                stringtext5                        1859     1859        D         0
                stringtext4                        184A     184A        F         0
                stringtext3                        1820     1820       16         0
                stringtext2                        1800     1800       20         0
                stringtext1                        1836     1836       14         0

        CLASS   STRING         

        CLASS   CONST          

        CLASS   ENTRY          

        CLASS   COMMON         
                cstackCOMMON                         70       70        6         1
                bssCOMMON                            76       76        4         1

        CLASS   BANK0          
                cstackBANK0                          20       20       50         1

        CLASS   BANK1          
                cstackBANK1                          D2       D2       12         1
                dataBANK1                            E4       E4        C         1
                bssBANK1                             A0       A0       32         1

        CLASS   BANK2          
                dataBANK2                           14F      14F       10         1
                bssBANK2                            120      120       2F         1

        CLASS   BANK3          
                bssBANK3                            1A0      1A0       20         1

        CLASS   BANK4          

        CLASS   BANK5          

        CLASS   BANK6          

        CLASS   BANK7          

        CLASS   BANK8          

        CLASS   BANK9          

        CLASS   BANK10         

        CLASS   BANK11         

        CLASS   BANK12         

        CLASS   BIGRAM         

        CLASS   RAM            

        CLASS   ABS1           
                abs_s1                               7E       7E        2         1

        CLASS   SFR0           

        CLASS   SFR1           

        CLASS   SFR2           

        CLASS   SFR3           

        CLASS   SFR4           

        CLASS   SFR5           

        CLASS   SFR6           

        CLASS   SFR7           

        CLASS   SFR8           

        CLASS   SFR9           

        CLASS   SFR10          

        CLASS   SFR11          

        CLASS   SFR12          

        CLASS   SFR13          

        CLASS   SFR14          

        CLASS   SFR15          

        CLASS   SFR16          

        CLASS   SFR17          

        CLASS   SFR18          

        CLASS   SFR19          

        CLASS   SFR20          

        CLASS   SFR21          

        CLASS   SFR22          

        CLASS   SFR23          

        CLASS   SFR24          

        CLASS   SFR25          

        CLASS   SFR26          

        CLASS   SFR27          

        CLASS   SFR28          

        CLASS   SFR29          

        CLASS   SFR30          

        CLASS   SFR31          

        CLASS   CONFIG         
                config                             8007     8007        4         4

        CLASS   IDLOC          

        CLASS   EEDATA         

        CLASS   BANK31         

        CLASS   BANK30         

        CLASS   BANK29         

        CLASS   BANK28         

        CLASS   BANK27         

        CLASS   BANK26         

        CLASS   BANK25         

        CLASS   BANK24         

        CLASS   BANK23         

        CLASS   BANK22         

        CLASS   BANK21         

        CLASS   BANK20         

        CLASS   BANK19         

        CLASS   BANK18         

        CLASS   BANK17         

        CLASS   BANK16         

        CLASS   BANK15         

        CLASS   BANK14         

        CLASS   BANK13         

        CLASS   HEAP           

        CLASS   STACK          



SEGMENTS        Name                           Load    Length   Top    Selector   Space  Class     Delta

                reset_vec                      000000  000004  000004         0       0  CODE        2
                intentry                       000004  0007FC  000800         8       0  CODE        2
                cstackBANK0                    000020  000050  000070        20       1  BANK0       1
                cstackCOMMON                   000070  00000A  00007A        70       1  COMMON      1
                bssBANK1                       0000A0  000050  0000F0        A0       1  BANK1       1
                bssBANK2                       000120  00003F  00015F       120       1  BANK2       1
                bssBANK3                       0001A0  000020  0001C0       1A0       1  BANK3       1
                text13                         000800  000024  000824      1000       0  CODE        2
                text54                         000824  00003D  000861      1048       0  CODE        2
                text7                          000861  000040  0008A1      10C2       0  CODE        2
                maintext                       0008A1  000045  0008E6      1142       0  CODE        2
                text28                         0008E6  00004B  000931      11CC       0  CODE        2
                text22                         000931  00004B  00097C      1262       0  CODE        2
                text11                         00097C  000058  0009D4      12F8       0  CODE        2
                text29                         0009D4  00005B  000A2F      13A8       0  CODE        2
                text39                         000A2F  00005F  000A8E      145E       0  CODE        2
                text23                         000A8E  00005F  000AED      151C       0  CODE        2
                text25                         000AED  000062  000B4F      15DA       0  CODE        2
                text19                         000B4F  00009F  000BEE      169E       0  CODE        2
                text65                         000BEE  0000AB  000C99      17DC       0  CODE        2
                text17                         000C99  0000B4  000D4D      1932       0  CODE        2
                text1                          000D4D  0000D3  000E20      1A9A       0  CODE        2
                text62                         000E20  0000E8  000F08      1C40       0  CODE        2
                text9                          000F08  0000F8  001000      1E10       0  CODE        2
                text79                         001453  000001  001454      28A6       0  CODE        2
                text32                         001454  000003  001457      28A8       0  CODE        2
                text31                         001457  000003  00145A      28AE       0  CODE        2
                text76                         00145A  000004  00145E      28B4       0  CODE        2
                text74                         00145E  000004  001462      28BC       0  CODE        2
                text43                         001462  000005  001467      28C4       0  CODE        2
                text38                         001467  000005  00146C      28CE       0  CODE        2
                text36                         00146C  000005  001471      28D8       0  CODE        2
                text14                         001471  000005  001476      28E2       0  CODE        2
                text82                         001476  000006  00147C      28EC       0  CODE        2
                text61                         00147C  000006  001482      28F8       0  CODE        2
                text59                         001482  000006  001488      2904       0  CODE        2
                text58                         001488  000006  00148E      2910       0  CODE        2
                text57                         00148E  000006  001494      291C       0  CODE        2
                text56                         001494  000006  00149A      2928       0  CODE        2
                text55                         00149A  000006  0014A0      2934       0  CODE        2
                text35                         0014A0  000006  0014A6      2940       0  CODE        2
                clrtext                        0014A6  000006  0014AC      294C       0  CODE        2
                inittext                       0014AC  000006  0014B2      2958       0  CODE        2
                text24                         0014B2  000007  0014B9      2964       0  CODE        2
                text51                         0014B9  000008  0014C1      2972       0  CODE        2
                text47                         0014C1  000008  0014C9      2982       0  CODE        2
                text18                         0014C9  000009  0014D2      2992       0  CODE        2
                text12                         0014D2  000009  0014DB      29A4       0  CODE        2
                text48                         0014DB  00000A  0014E5      29B6       0  CODE        2
                text46                         0014E5  00000A  0014EF      29CA       0  CODE        2
                text16                         0014EF  00000A  0014F9      29DE       0  CODE        2
                text15                         0014F9  00000A  001503      29F2       0  CODE        2
                text64                         001503  00000B  00150E      2A06       0  CODE        2
                text63                         00150E  00000B  001519      2A1C       0  CODE        2
                text53                         001519  00000C  001525      2A32       0  CODE        2
                text50                         001525  00000C  001531      2A4A       0  CODE        2
                text40                         001531  00000C  00153D      2A62       0  CODE        2
                text5                          00153D  00000C  001549      2A7A       0  CODE        2
                idataBANK1                     001549  00000C  001555      2A92       0  CODE        2
                text81                         001555  00000D  001562      2AAA       0  CODE        2
                text42                         001562  00000D  00156F      2AC4       0  CODE        2
                text41                         00156F  00000D  00157C      2ADE       0  CODE        2
                text78                         00157C  00000F  00158B      2AF8       0  CODE        2
                text20                         00158B  000010  00159B      2B16       0  CODE        2
                idataBANK2                     00159B  000010  0015AB      2B36       0  CODE        2
                text34                         0015AB  000011  0015BC      2B56       0  CODE        2
                text33                         0015BC  000011  0015CD      2B78       0  CODE        2
                text60                         0015CD  000012  0015DF      2B9A       0  CODE        2
                text49                         0015DF  000014  0015F3      2BBE       0  CODE        2
                text8                          0015F3  000016  001609      2BE6       0  CODE        2
                text37                         001609  000017  001620      2C12       0  CODE        2
                text77                         001620  000019  001639      2C40       0  CODE        2
                text70                         001639  000019  001652      2C72       0  CODE        2
                text26                         001652  00001A  00166C      2CA4       0  CODE        2
                text3                          00166C  00001A  001686      2CD8       0  CODE        2
                text2                          001686  00001A  0016A0      2D0C       0  CODE        2
                text4                          0016A0  00001B  0016BB      2D40       0  CODE        2
                text21                         0016BB  00001E  0016D9      2D76       0  CODE        2
                text30                         0016D9  000020  0016F9      2DB2       0  CODE        2
                text72                         0016F9  000022  00171B      2DF2       0  CODE        2
                text44                         00171B  000022  00173D      2E36       0  CODE        2
                text68                         00173D  000024  001761      2E7A       0  CODE        2
                text80                         001761  00002D  00178E      2EC2       0  CODE        2
                text73                         00178E  000039  0017C7      2F1C       0  CODE        2
                text52                         0017C7  000039  001800      2F8E       0  CODE        2
                stringtext2                    001800  0000AF  0018AF      3000       0  STRCODE     2


UNUSED ADDRESS RANGES

        Name                Unused          Largest block    Delta
        BANK10           00520-0056F              50           1
        BANK11           005A0-005EF              50           1
        BANK12           00620-0064F              30           1
        BANK2            0015F-0016F              11           1
        BANK3            001C0-001EF              30           1
        BANK4            00220-0026F              50           1
        BANK5            002A0-002EF              50           1
        BANK6            00320-0036F              50           1
        BANK7            003A0-003EF              50           1
        BANK8            00420-0046F              50           1
        BANK9            004A0-004EF              50           1
        BIGRAM           02000-023EF             3F0           1
        CODE             01000-01452             453           2
                         018AF-01FFF             751
        COMMON           0007A-0007D               4           1
        CONST            01000-01452             100           2
                         018AF-01FFF             100
        EEDATA           0F000-0F0FF             100           2
        ENTRY            01000-01452             100           2
                         018AF-01FFF             100
        IDLOC            08000-08003               4           2
        RAM              0015F-0016F              11           1
                         001C0-001EF              30
                         00220-0026F              50
                         002A0-002EF              50
                         00320-0036F              50
                         003A0-003EF              50
                         00420-0046F              50
                         004A0-004EF              50
                         00520-0056F              50
                         005A0-005EF              50
                         00620-0064F              30
        SFR0             00000-0001F              20           1
        SFR1             00080-0009F              20           1
        SFR10            00500-0051F              20           1
        SFR11            00580-0059F              20           1
        SFR12            00600-0061F              20           1
        SFR13            00680-006EF              70           1
        SFR14            00700-0076F              70           1
        SFR15            00780-007EF              70           1
        SFR16            00800-0086F              70           1
        SFR17            00880-008EF              70           1
        SFR18            00900-0096F              70           1
        SFR19            00980-009EF              70           1
        SFR2             00100-0011F              20           1
        SFR20            00A00-00A6F              70           1
        SFR21            00A80-00AEF              70           1
        SFR22            00B00-00B6F              70           1
        SFR23            00B80-00BEF              70           1
        SFR24            00C00-00C6F              70           1
        SFR25            00C80-00CEF              70           1
        SFR26            00D00-00D6F              70           1
        SFR27            00D80-00DEF              70           1
        SFR28            00E00-00E6F              70           1
        SFR29            00E80-00EEF              70           1
        SFR3             00180-0019F              20           1
        SFR30            00F00-00F6F              70           1
        SFR31            00F80-00FEF              70           1
        SFR4             00200-0021F              20           1
        SFR5             00280-0029F              20           1
        SFR6             00300-0031F              20           1
        SFR7             00380-0039F              20           1
        SFR8             00400-0041F              20           1
        SFR9             00480-0049F              20           1
        STRCODE          01000-01452             453           2
                         018AF-01FFF             751
        STRING           01000-01452             100           2
                         018AF-01FFF             100

                                  Symbol Table

?_ADC_GetConversionResult                      cstackCOMMON 00070
?_PI_GetDutycycle                              cstackCOMMON 00074
?_PI_GetKi                                     cstackBANK0  00020
?_PI_GetKp                                     cstackBANK0  00020
?__Umul8_16                                    cstackCOMMON 00074
?___fladd                                      cstackBANK0  0002E
?___fldiv                                      cstackBANK0  00020
?___flmul                                      cstackBANK0  0004A
?___flsub                                      cstackBANK0  00042
?___fltol                                      cstackBANK0  00064
?___lldiv                                      cstackBANK0  00020
?___llmod                                      cstackBANK0  00020
?___xxtofl                                     cstackBANK0  00020
?_printf                                       cstackBANK0  0003A
?_str2float                                    cstackBANK0  00064
?_vfprintf                                     cstackBANK0  00032
ADC_SelectChannel@channel                      cstackCOMMON 00075
ADC_SetInterruptHandler@InterruptHandler       cstackCOMMON 00074
EUSART_Read@readValue                          cstackCOMMON 00075
EUSART_SetErrorHandler@interruptHandler        cstackCOMMON 00074
EUSART_SetFramingErrorHandler@interruptHandler cstackCOMMON 00074
EUSART_SetOverrunErrorHandler@interruptHandler cstackCOMMON 00074
EUSART_SetRxInterruptHandler@interruptHandler  cstackCOMMON 00074
EUSART_SetTxInterruptHandler@interruptHandler  cstackCOMMON 00074
EUSART_Write@txData                            cstackCOMMON 00075
PI_SetKi@value                                 cstackBANK1  000DC
PI_SetKp@value                                 cstackBANK1  000DC
PI_SetSetpoint@value                           cstackCOMMON 00074
PWM5_LoadDutyValue@dutyValue                   cstackCOMMON 00074
SPI1_ExchangeByte@data                         cstackCOMMON 00074
SPI1_Open@spi1UniqueConfiguration              cstackCOMMON 00074
Send_LED_EndFrame@i                            cstackBANK0  00020
Send_LED_Frame@blue                            cstackBANK0  00020
Send_LED_Frame@green                           cstackBANK0  00021
Send_LED_Frame@intensity                       cstackCOMMON 00075
Send_LED_Frame@red                             cstackBANK0  00022
Send_LED_StartFrame@i                          cstackBANK0  00020
TMR4_HasOverflowOccured@status                 cstackCOMMON 00074
_ADACT                                         (abs)        0009F
_ADCON0                                        (abs)        0009D
_ADCON0bits                                    (abs)        0009D
_ADCON1                                        (abs)        0009E
_ADC_DefaultInterruptHandler                   text79       01453
_ADC_GetConversionResult                       text82       01476
_ADC_ISR                                       text78       0157C
_ADC_Initialize                                text60       015CD
_ADC_InterruptHandler                          bssBANK1     000BA
_ADC_SelectChannel                             text41       0156F
_ADC_SetInterruptHandler                       text61       0147C
_ADRESH                                        (abs)        0009C
_ADRESL                                        (abs)        0009B
_ANSELA                                        (abs)        0018C
_ANSELB                                        (abs)        0018D
_ANSELC                                        (abs)        0018E
_BAUD1CON                                      (abs)        0019F
_EUSART_DefaultErrorHandler                    text76       0145A
_EUSART_DefaultFramingErrorHandler             text75       00003
_EUSART_DefaultOverrunErrorHandler             text74       0145E
_EUSART_ErrorHandler                           bssBANK1     000BC
_EUSART_FramingErrorHandler                    bssBANK1     000C0
_EUSART_Initialize                             text54       00824
_EUSART_OverrunErrorHandler                    bssBANK1     000BE
_EUSART_Read                                   text13       00800
_EUSART_Receive_ISR                            text73       0178E
_EUSART_RxDataHandler                          text77       01620
_EUSART_RxDefaultInterruptHandler              bssBANK1     000C2
_EUSART_SetErrorHandler                        text59       01482
_EUSART_SetFramingErrorHandler                 text58       01488
_EUSART_SetOverrunErrorHandler                 text57       0148E
_EUSART_SetRxInterruptHandler                  text56       01494
_EUSART_SetTxInterruptHandler                  text55       0149A
_EUSART_Transmit_ISR                           text72       016F9
_EUSART_TxDefaultInterruptHandler              bssBANK1     000C4
_EUSART_Write                                  text27       007D5
_EUSART_is_rx_ready                            text12       014D2
_INLVLA                                        (abs)        0038C
_INLVLB                                        (abs)        0038D
_INLVLC                                        (abs)        0038E
_INTCONbits                                    (abs)        0000B
_INTERRUPT_InterruptManager                    intentry     00004
_LATA                                          (abs)        0010C
_LATB                                          (abs)        0010D
_LATC                                          (abs)        0010E
_MASTER0_open                                  text38       01467
_ODCONA                                        (abs)        0028C
_ODCONB                                        (abs)        0028D
_ODCONC                                        (abs)        0028E
_OSCCON1                                       (abs)        00919
_OSCCON3                                       (abs)        0091B
_OSCEN                                         (abs)        0091D
_OSCFRQ                                        (abs)        0091F
_OSCILLATOR_Initialize                         text53       01519
_OSCTUNE                                       (abs)        0091E
_PI                                            text62       00E20
_PIE1bits                                      (abs)        00091
_PIN_MANAGER_Initialize                        text52       017C7
_PIR0bits                                      (abs)        00010
_PIR1bits                                      (abs)        00011
_PIR2bits                                      (abs)        00012
_PI_GetDutycycle                               text35       014A0
_PI_GetKi                                      text34       015AB
_PI_GetKp                                      text33       015BC
_PI_GetSensorHeight                            text32       01454
_PI_GetSetPoint                                text31       01457
_PI_SetKi                                      text16       014EF
_PI_SetKp                                      text15       014F9
_PI_SetSetpoint                                text14       01471
_PLLR                                          (abs)        048E0
_PMD0                                          (abs)        00911
_PMD1                                          (abs)        00912
_PMD2                                          (abs)        00913
_PMD3                                          (abs)        00914
_PMD4                                          (abs)        00915
_PMD5                                          (abs)        00916
_PMD_Initialize                                text51       014B9
_PR2                                           (abs)        0001E
_PR4                                           (abs)        00416
_PWM5CON                                       (abs)        00619
_PWM5DCH                                       (abs)        00618
_PWM5DCL                                       (abs)        00617
_PWM5_Initialize                               text50       01525
_PWM5_LoadDutyValue                            text70       01639
_PWMTMRSbits                                   (abs)        0061F
_RB4PPS                                        (abs)        00E9C
_RB6PPS                                        (abs)        00E9E
_RB7PPS                                        (abs)        00E9F
_RC1REG                                        (abs)        00199
_RC1STA                                        (abs)        0019D
_RC1STAbits                                    (abs)        0019D
_RC5PPS                                        (abs)        00EA5
_RXPPS                                         (abs)        00E24
_SLRCONA                                       (abs)        0030C
_SLRCONB                                       (abs)        0030D
_SLRCONC                                       (abs)        0030E
_SP1BRGH                                       (abs)        0019C
_SP1BRGL                                       (abs)        0019B
_SPI1_Close                                    (abs)        00000
_SPI1_ExchangeBlock                            (abs)        00000
_SPI1_ExchangeByte                             text5        0153D
_SPI1_Initialize                               text49       015DF
_SPI1_Open                                     text39       00A2F
_SPI1_ReadBlock                                (abs)        00000
_SPI1_ReadByte                                 (abs)        00000
_SPI1_WriteBlock                               (abs)        00000
_SPI1_WriteByte                                (abs)        00000
_SSP1ADD                                       (abs)        00212
_SSP1BUF                                       (abs)        00211
_SSP1CLKPPS                                    (abs)        00E20
_SSP1CON1                                      (abs)        00215
_SSP1CON1bits                                  (abs)        00215
_SSP1CON2                                      (abs)        00216
_SSP1DATPPS                                    (abs)        00E21
_SSP1STAT                                      (abs)        00214
_SYSTEM_Initialize                             text44       0171B
_Send_LED_EndFrame                             text4        016A0
_Send_LED_Frame                                text3        0166C
_Send_LED_StartFrame                           text2        01686
_T0CON0                                        (abs)        00017
_T0CON0bits                                    (abs)        00017
_T0CON1                                        (abs)        00018
_T2CON                                         (abs)        0001F
_T2CONbits                                     (abs)        0001F
_T4CON                                         (abs)        00417
_T4CONbits                                     (abs)        00417
_TMR0H                                         (abs)        00016
_TMR0L                                         (abs)        00015
_TMR0_HasOverflowOccured                       text43       01462
_TMR0_Initialize                               text48       014DB
_TMR2                                          (abs)        0001D
_TMR2_Initialize                               text47       014C1
_TMR4                                          (abs)        00415
_TMR4_HasOverflowOccured                       text42       01562
_TMR4_Initialize                               text46       014E5
_TRISA                                         (abs)        0008C
_TRISB                                         (abs)        0008D
_TRISBbits                                     (abs)        0008D
_TRISC                                         (abs)        0008E
_TX1REG                                        (abs)        0019A
_TX1STA                                        (abs)        0019E
_TX1STAbits                                    (abs)        0019E
_WDTCON                                        (abs)        00097
_WDT_Initialize                                text45       007FC
_WPUA                                          (abs)        0020C
_WPUB                                          (abs)        0020D
_WPUC                                          (abs)        0020E
__H__absolute__                                __absolute__ 00000
__Habs1                                        abs1         00000
__Hbank0                                       bank0        00000
__Hbank1                                       bank1        00000
__Hbank10                                      bank10       00000
__Hbank11                                      bank11       00000
__Hbank12                                      bank12       00000
__Hbank13                                      bank13       00000
__Hbank14                                      bank14       00000
__Hbank15                                      bank15       00000
__Hbank16                                      bank16       00000
__Hbank17                                      bank17       00000
__Hbank18                                      bank18       00000
__Hbank19                                      bank19       00000
__Hbank2                                       bank2        00000
__Hbank20                                      bank20       00000
__Hbank21                                      bank21       00000
__Hbank22                                      bank22       00000
__Hbank23                                      bank23       00000
__Hbank24                                      bank24       00000
__Hbank25                                      bank25       00000
__Hbank26                                      bank26       00000
__Hbank27                                      bank27       00000
__Hbank28                                      bank28       00000
__Hbank29                                      bank29       00000
__Hbank3                                       bank3        00000
__Hbank30                                      bank30       00000
__Hbank31                                      bank31       00000
__Hbank4                                       bank4        00000
__Hbank5                                       bank5        00000
__Hbank6                                       bank6        00000
__Hbank7                                       bank7        00000
__Hbank8                                       bank8        00000
__Hbank9                                       bank9        00000
__Hbigram                                      bigram       00000
__HbssBANK1                                    bssBANK1     00000
__HbssBANK2                                    bssBANK2     00000
__HbssBANK3                                    bssBANK3     00000
__HbssCOMMON                                   bssCOMMON    00000
__Hcinit                                       cinit        00076
__Hclrtext                                     clrtext      00000
__Hcode                                        code         00000
__Hcommon                                      common       00000
__Hconfig                                      config       0800B
__HcstackBANK0                                 cstackBANK0  00000
__HcstackBANK1                                 cstackBANK1  00000
__HcstackCOMMON                                cstackCOMMON 00000
__HdataBANK1                                   dataBANK1    00000
__HdataBANK2                                   dataBANK2    00000
__Heeprom_data                                 eeprom_data  00000
__Hend_init                                    end_init     0003E
__Hfunctab                                     functab      00000
__Hheap                                        heap         00000
__HidataBANK1                                  idataBANK1   00000
__HidataBANK2                                  idataBANK2   00000
__Hinit                                        init         0003C
__Hinittext                                    inittext     00000
__Hintentry                                    intentry     0003C
__Hmaintext                                    maintext     00000
__Hpowerup                                     powerup      00000
__Hram                                         ram          00000
__Hreset_vec                                   reset_vec    00003
__Hsfr0                                        sfr0         00000
__Hsfr1                                        sfr1         00000
__Hsfr10                                       sfr10        00000
__Hsfr11                                       sfr11        00000
__Hsfr12                                       sfr12        00000
__Hsfr13                                       sfr13        00000
__Hsfr14                                       sfr14        00000
__Hsfr15                                       sfr15        00000
__Hsfr16                                       sfr16        00000
__Hsfr17                                       sfr17        00000
__Hsfr18                                       sfr18        00000
__Hsfr19                                       sfr19        00000
__Hsfr2                                        sfr2         00000
__Hsfr20                                       sfr20        00000
__Hsfr21                                       sfr21        00000
__Hsfr22                                       sfr22        00000
__Hsfr23                                       sfr23        00000
__Hsfr24                                       sfr24        00000
__Hsfr25                                       sfr25        00000
__Hsfr26                                       sfr26        00000
__Hsfr27                                       sfr27        00000
__Hsfr28                                       sfr28        00000
__Hsfr29                                       sfr29        00000
__Hsfr3                                        sfr3         00000
__Hsfr30                                       sfr30        00000
__Hsfr31                                       sfr31        00000
__Hsfr4                                        sfr4         00000
__Hsfr5                                        sfr5         00000
__Hsfr6                                        sfr6         00000
__Hsfr7                                        sfr7         00000
__Hsfr8                                        sfr8         00000
__Hsfr9                                        sfr9         00000
__Hspace_0                                     (abs)        018AF
__Hspace_1                                     (abs)        001C0
__Hspace_2                                     (abs)        00000
__Hspace_3                                     (abs)        00000
__Hspace_4                                     (abs)        10012
__Hstack                                       stack        00000
__Hstrings                                     strings      00000
__Hstringtext1                                 stringtext1  00000
__Hstringtext10                                stringtext10 00000
__Hstringtext11                                stringtext11 00000
__Hstringtext12                                stringtext12 00000
__Hstringtext13                                stringtext13 00000
__Hstringtext14                                stringtext14 00000
__Hstringtext15                                stringtext15 00000
__Hstringtext16                                stringtext16 00000
__Hstringtext2                                 stringtext2  00000
__Hstringtext3                                 stringtext3  00000
__Hstringtext4                                 stringtext4  00000
__Hstringtext5                                 stringtext5  00000
__Hstringtext6                                 stringtext6  00000
__Hstringtext7                                 stringtext7  00000
__Hstringtext8                                 stringtext8  00000
__Hstringtext9                                 stringtext9  00000
__Htext                                        text         00000
__L__absolute__                                __absolute__ 00000
__Labs1                                        abs1         00000
__Lbank0                                       bank0        00000
__Lbank1                                       bank1        00000
__Lbank10                                      bank10       00000
__Lbank11                                      bank11       00000
__Lbank12                                      bank12       00000
__Lbank13                                      bank13       00000
__Lbank14                                      bank14       00000
__Lbank15                                      bank15       00000
__Lbank16                                      bank16       00000
__Lbank17                                      bank17       00000
__Lbank18                                      bank18       00000
__Lbank19                                      bank19       00000
__Lbank2                                       bank2        00000
__Lbank20                                      bank20       00000
__Lbank21                                      bank21       00000
__Lbank22                                      bank22       00000
__Lbank23                                      bank23       00000
__Lbank24                                      bank24       00000
__Lbank25                                      bank25       00000
__Lbank26                                      bank26       00000
__Lbank27                                      bank27       00000
__Lbank28                                      bank28       00000
__Lbank29                                      bank29       00000
__Lbank3                                       bank3        00000
__Lbank30                                      bank30       00000
__Lbank31                                      bank31       00000
__Lbank4                                       bank4        00000
__Lbank5                                       bank5        00000
__Lbank6                                       bank6        00000
__Lbank7                                       bank7        00000
__Lbank8                                       bank8        00000
__Lbank9                                       bank9        00000
__Lbigram                                      bigram       00000
__LbssBANK1                                    bssBANK1     00000
__LbssBANK2                                    bssBANK2     00000
__LbssBANK3                                    bssBANK3     00000
__LbssCOMMON                                   bssCOMMON    00000
__Lcinit                                       cinit        0003E
__Lclrtext                                     clrtext      00000
__Lcode                                        code         00000
__Lcommon                                      common       00000
__Lconfig                                      config       00000
__LcstackBANK0                                 cstackBANK0  00000
__LcstackBANK1                                 cstackBANK1  00000
__LcstackCOMMON                                cstackCOMMON 00000
__LdataBANK1                                   dataBANK1    00000
__LdataBANK2                                   dataBANK2    00000
__Leeprom_data                                 eeprom_data  00000
__Lend_init                                    end_init     0003C
__Lfunctab                                     functab      00000
__Lheap                                        heap         00000
__LidataBANK1                                  idataBANK1   00000
__LidataBANK2                                  idataBANK2   00000
__Linit                                        init         0003C
__Linittext                                    inittext     00000
__Lintentry                                    intentry     00004
__Lmaintext                                    maintext     00000
__Lpowerup                                     powerup      00000
__Lram                                         ram          00000
__Lreset_vec                                   reset_vec    00000
__Lsfr0                                        sfr0         00000
__Lsfr1                                        sfr1         00000
__Lsfr10                                       sfr10        00000
__Lsfr11                                       sfr11        00000
__Lsfr12                                       sfr12        00000
__Lsfr13                                       sfr13        00000
__Lsfr14                                       sfr14        00000
__Lsfr15                                       sfr15        00000
__Lsfr16                                       sfr16        00000
__Lsfr17                                       sfr17        00000
__Lsfr18                                       sfr18        00000
__Lsfr19                                       sfr19        00000
__Lsfr2                                        sfr2         00000
__Lsfr20                                       sfr20        00000
__Lsfr21                                       sfr21        00000
__Lsfr22                                       sfr22        00000
__Lsfr23                                       sfr23        00000
__Lsfr24                                       sfr24        00000
__Lsfr25                                       sfr25        00000
__Lsfr26                                       sfr26        00000
__Lsfr27                                       sfr27        00000
__Lsfr28                                       sfr28        00000
__Lsfr29                                       sfr29        00000
__Lsfr3                                        sfr3         00000
__Lsfr30                                       sfr30        00000
__Lsfr31                                       sfr31        00000
__Lsfr4                                        sfr4         00000
__Lsfr5                                        sfr5         00000
__Lsfr6                                        sfr6         00000
__Lsfr7                                        sfr7         00000
__Lsfr8                                        sfr8         00000
__Lsfr9                                        sfr9         00000
__Lspace_0                                     (abs)        00000
__Lspace_1                                     (abs)        00000
__Lspace_2                                     (abs)        00000
__Lspace_3                                     (abs)        00000
__Lspace_4                                     (abs)        00000
__Lstack                                       stack        00000
__Lstrings                                     strings      00000
__Lstringtext1                                 stringtext1  00000
__Lstringtext10                                stringtext10 00000
__Lstringtext11                                stringtext11 00000
__Lstringtext12                                stringtext12 00000
__Lstringtext13                                stringtext13 00000
__Lstringtext14                                stringtext14 00000
__Lstringtext15                                stringtext15 00000
__Lstringtext16                                stringtext16 00000
__Lstringtext2                                 stringtext2  00000
__Lstringtext3                                 stringtext3  00000
__Lstringtext4                                 stringtext4  00000
__Lstringtext5                                 stringtext5  00000
__Lstringtext6                                 stringtext6  00000
__Lstringtext7                                 stringtext7  00000
__Lstringtext8                                 stringtext8  00000
__Lstringtext9                                 stringtext9  00000
__Ltext                                        text         00000
__S0                                           (abs)        018AF
__S1                                           (abs)        001C0
__S3                                           (abs)        00000
__Umul8_16                                     text68       0173D
__Umul8_16@multiplicand                        cstackCOMMON 00074
__Umul8_16@multiplier                          cstackBANK0  00026
__Umul8_16@product                             cstackBANK0  00022
__Umul8_16@word_mpld                           cstackBANK0  00024
___bmul                                        text8        015F3
___bmul@multiplicand                           cstackCOMMON 00074
___bmul@multiplier                             cstackBANK0  00021
___bmul@product                                cstackBANK0  00020
___fladd                                       text69       002B1
___fladd@a                                     cstackBANK0  00032
___fladd@aexp                                  cstackBANK0  0003F
___fladd@b                                     cstackBANK0  0002E
___fladd@bexp                                  cstackBANK0  00040
___fladd@grs                                   cstackBANK0  00041
___fladd@signs                                 cstackBANK0  0003E
___fldiv                                       text10       004B9
___fldiv@a                                     cstackBANK0  00020
___fldiv@aexp                                  cstackBANK0  00039
___fldiv@b                                     cstackBANK0  00024
___fldiv@bexp                                  cstackBANK0  00038
___fldiv@grs                                   cstackBANK0  00034
___fldiv@new_exp                               cstackBANK0  00032
___fldiv@rem                                   cstackBANK0  0002D
___fldiv@sign                                  cstackBANK0  00031
___flmul                                       text67       00076
___flmul@a                                     cstackBANK0  0004E
___flmul@aexp                                  cstackBANK0  00058
___flmul@b                                     cstackBANK0  0004A
___flmul@bexp                                  cstackBANK0  0005D
___flmul@grs                                   cstackBANK0  00059
___flmul@prod                                  cstackBANK0  0005E
___flmul@sign                                  cstackBANK0  00057
___flmul@temp                                  cstackBANK0  00062
___flsub                                       text30       016D9
___flsub@a                                     cstackBANK0  00042
___flsub@b                                     cstackBANK0  00046
___fltol                                       text66       00764
___fltol@exp1                                  cstackBANK0  0006D
___fltol@f1                                    cstackBANK0  00064
___fltol@sign1                                 cstackBANK0  0006C
___heap_hi                                     (abs)        00000
___heap_lo                                     (abs)        00000
___int_sp                                      stack        00000
___latbits                                     (abs)        00002
___lldiv                                       text29       009D4
___lldiv@counter                               cstackBANK0  0002C
___lldiv@dividend                              cstackBANK0  00024
___lldiv@divisor                               cstackBANK0  00020
___lldiv@quotient                              cstackBANK0  00028
___llmod                                       text28       008E6
___llmod@counter                               cstackCOMMON 00075
___llmod@dividend                              cstackBANK0  00024
___llmod@divisor                               cstackBANK0  00020
___sp                                          stack        00000
___stackhi                                     (abs)        00000
___stacklo                                     (abs)        00000
___xxtofl                                      text65       00BEE
___xxtofl@arg                                  cstackBANK0  0002A
___xxtofl@exp                                  cstackBANK0  00029
___xxtofl@sign                                 cstackBANK0  00028
___xxtofl@val                                  cstackBANK0  00020
__end_of_ADC_DefaultInterruptHandler           text79       01454
__end_of_ADC_GetConversionResult               text82       0147C
__end_of_ADC_ISR                               text78       0158B
__end_of_ADC_Initialize                        text60       015DF
__end_of_ADC_SelectChannel                     text41       0157C
__end_of_ADC_SetInterruptHandler               text61       01482
__end_of_EUSART_DefaultErrorHandler            text76       0145E
__end_of_EUSART_DefaultFramingErrorHandler     text75       00004
__end_of_EUSART_DefaultOverrunErrorHandler     text74       01462
__end_of_EUSART_Initialize                     text54       00861
__end_of_EUSART_Read                           text13       00824
__end_of_EUSART_Receive_ISR                    text73       017C7
__end_of_EUSART_RxDataHandler                  text77       01639
__end_of_EUSART_SetErrorHandler                text59       01488
__end_of_EUSART_SetFramingErrorHandler         text58       0148E
__end_of_EUSART_SetOverrunErrorHandler         text57       01494
__end_of_EUSART_SetRxInterruptHandler          text56       0149A
__end_of_EUSART_SetTxInterruptHandler          text55       014A0
__end_of_EUSART_Transmit_ISR                   text72       0171B
__end_of_EUSART_Write                          text27       007FC
__end_of_EUSART_is_rx_ready                    text12       014DB
__end_of_INTERRUPT_InterruptManager            intentry     0003C
__end_of_MASTER0_open                          text38       0146C
__end_of_OSCILLATOR_Initialize                 text53       01525
__end_of_PI                                    text62       00F08
__end_of_PIN_MANAGER_Initialize                text52       01800
__end_of_PI_GetDutycycle                       text35       014A6
__end_of_PI_GetKi                              text34       015BC
__end_of_PI_GetKp                              text33       015CD
__end_of_PI_GetSensorHeight                    text32       01457
__end_of_PI_GetSetPoint                        text31       0145A
__end_of_PI_SetKi                              text16       014F9
__end_of_PI_SetKp                              text15       01503
__end_of_PI_SetSetpoint                        text14       01476
__end_of_PMD_Initialize                        text51       014C1
__end_of_PWM5_Initialize                       text50       01531
__end_of_PWM5_LoadDutyValue                    text70       01652
__end_of_SPI1_ExchangeByte                     text5        01549
__end_of_SPI1_Initialize                       text49       015F3
__end_of_SPI1_Open                             text39       00A8E
__end_of_SYSTEM_Initialize                     text44       0173D
__end_of_Send_LED_EndFrame                     text4        016BB
__end_of_Send_LED_Frame                        text3        01686
__end_of_Send_LED_StartFrame                   text2        016A0
__end_of_TMR0_HasOverflowOccured               text43       01467
__end_of_TMR0_Initialize                       text48       014E5
__end_of_TMR2_Initialize                       text47       014C9
__end_of_TMR4_HasOverflowOccured               text42       0156F
__end_of_TMR4_Initialize                       text46       014EF
__end_of_WDT_Initialize                        text45       00800
__end_of__Umul8_16                             text68       01761
__end_of___bmul                                text8        01609
__end_of___fladd                               text69       004B9
__end_of___fldiv                               text10       00663
__end_of___flmul                               text67       002B1
__end_of___flsub                               text30       016F9
__end_of___fltol                               text66       007D5
__end_of___lldiv                               text29       00A2F
__end_of___llmod                               text28       00931
__end_of___xxtofl                              text65       00C99
__end_of__initialization                       cinit        00072
__end_of_adcConversionDoneHandler              text80       0178E
__end_of_fputc                                 text23       00AED
__end_of_getHoogteSensor                       text64       0150E
__end_of_getPotentiometer                      text63       01519
__end_of_initAdcMultiplexer                    text40       0153D
__end_of_initLedStrip                          text36       01471
__end_of_main                                  maintext     008E6
__end_of_printFloat                            text19       00BEE
__end_of_printLogs                             text17       00D4D
__end_of_printNewLine                          text18       014D2
__end_of_printStr                              text26       0166C
__end_of_printUint32                           text25       00B4F
__end_of_printf                                text20       0159B
__end_of_putch                                 text24       014B9
__end_of_readLine                              text11       009D4
__end_of_spi1_configuration                    stringtext2  01808
__end_of_spiMaster                             stringtext1  0184A
__end_of_spi_master_open                       text37       01620
__end_of_str2float                             text9        01000
__end_of_str2uint8                             text7        008A1
__end_of_uartHandler                           text6        00764
__end_of_updateLedstripAnimation               text1        00E20
__end_of_vfpfcnvrt                             text22       0097C
__end_of_vfprintf                              text21       016D9
__end_ofi1_ADC_SelectChannel                   text81       01562
__initialization                               cinit        0003E
__pbssBANK1                                    bssBANK1     000A0
__pbssBANK2                                    bssBANK2     00120
__pbssBANK3                                    bssBANK3     001A0
__pbssCOMMON                                   bssCOMMON    00076
__pcstackBANK0                                 cstackBANK0  00020
__pcstackBANK1                                 cstackBANK1  000D2
__pcstackCOMMON                                cstackCOMMON 00070
__pdataBANK1                                   dataBANK1    000E4
__pdataBANK2                                   dataBANK2    0014F
__pidataBANK1                                  idataBANK1   01549
__pidataBANK2                                  idataBANK2   0159B
__pintentry                                    intentry     00004
__pmaintext                                    maintext     008A1
__pstringtext1                                 stringtext1  01836
__pstringtext10                                stringtext10 01892
__pstringtext11                                stringtext11 01899
__pstringtext12                                stringtext12 018A0
__pstringtext13                                stringtext13 018A5
__pstringtext14                                stringtext14 018A9
__pstringtext15                                stringtext15 018AD
__pstringtext16                                stringtext16 00000
__pstringtext2                                 stringtext2  01800
__pstringtext3                                 stringtext3  01820
__pstringtext4                                 stringtext4  0184A
__pstringtext5                                 stringtext5  01859
__pstringtext6                                 stringtext6  01866
__pstringtext7                                 stringtext7  01873
__pstringtext8                                 stringtext8  0187F
__pstringtext9                                 stringtext9  01889
__ptext1                                       text1        00D4D
[...]
__ptext14                                      text14       01471
__ptext15                                      text15       014F9
__ptext16                                      text16       014EF
__ptext17                                      text17       00C99
__ptext18                                      text18       014C9
__ptext19                                      text19       00B4F
__ptext2                                       text2        01686
__ptext20                                      text20       0158B
__ptext21                                      text21       016BB
__ptext22                                      text22       00931
__ptext23                                      text23       00A8E
__ptext24                                      text24       014B2
__ptext25                                      text25       00AED
__ptext26                                      text26       01652
__ptext27                                      text27       007D5
__ptext28                                      text28       008E6
__ptext29                                      text29       009D4
__ptext3                                       text3        0166C
__ptext30                                      text30       016D9
__ptext31                                      text31       01457
__ptext32                                      text32       01454
__ptext33                                      text33       015BC
__ptext34                                      text34       015AB
__ptext35                                      text35       014A0
__ptext36                                      text36       0146C
__ptext37                                      text37       01609
__ptext38                                      text38       01467
__ptext39                                      text39       00A2F
__ptext4                                       text4        016A0
__ptext40                                      text40       01531
__ptext41                                      text41       0156F
__ptext42                                      text42       01562
__ptext43                                      text43       01462
__ptext44                                      text44       0171B
__ptext45                                      text45       007FC
__ptext46                                      text46       014E5
__ptext47                                      text47       014C1
__ptext48                                      text48       014DB
__ptext49                                      text49       015DF
__ptext5                                       text5        0153D
__ptext50                                      text50       01525
__ptext51                                      text51       014B9
__ptext52                                      text52       017C7
__ptext53                                      text53       01519
__ptext54                                      text54       00824
__ptext55                                      text55       0149A
__ptext56                                      text56       01494
__ptext57                                      text57       0148E
__ptext58                                      text58       01488
__ptext59                                      text59       01482
__ptext6                                       text6        00663
__ptext60                                      text60       015CD
__ptext61                                      text61       0147C
__ptext62                                      text62       00E20
__ptext63                                      text63       0150E
__ptext64                                      text64       01503
__ptext65                                      text65       00BEE
__ptext66                                      text66       00764
__ptext67                                      text67       00076
__ptext68                                      text68       0173D
__ptext69                                      text69       002B1
__ptext7                                       text7        00861
__ptext70                                      text70       01639
__ptext72                                      text72       016F9
__ptext73                                      text73       0178E
__ptext74                                      text74       0145E
__ptext75                                      text75       00003
__ptext76                                      text76       0145A
__ptext77                                      text77       01620
__ptext78                                      text78       0157C
__ptext79                                      text79       01453
__ptext8                                       text8        015F3
__ptext80                                      text80       01761
__ptext81                                      text81       01555
__ptext82                                      text82       01476
__ptext9                                       text9        00F08
_adcConversionDoneHandler                      text80       01761
_buffer                                        dataBANK2    0014F
_dutycycle                                     bssBANK1     000B4
_error                                         bssBANK1     000B8
_eusartRxBuffer                                bssBANK2     00120
_eusartRxCount                                 bssBANK1     000CF
_eusartRxHead                                  bssCOMMON    00078
_eusartRxLastError                             bssBANK1     000CE
_eusartRxStatusBuffer                          bssBANK1     000A0
_eusartRxTail                                  bssCOMMON    00077
_eusartTxBuffer                                bssBANK2     00128
_eusartTxBufferRemaining                       bssBANK1     000D0
_eusartTxHead                                  bssCOMMON    00079
_eusartTxTail                                  bssBANK1     000D1
_flags                                         bssBANK1     000C6
_fputc                                         text23       00A8E
_getHoogteSensor                               text64       01503
_getPotentiometer                              text63       0150E
_hoogteSensor                                  bssBANK1     000B2
_initAdcMultiplexer                            text40       01531
_initLedStrip                                  text36       0146C
_integral                                      bssBANK1     000A8
_ki                                            dataBANK1    000E8
_kp                                            dataBANK1    000E4
_line                                          bssBANK2     00130
_main                                          maintext     008A1
_mustPrintLogs                                 dataBANK1    000EE
_potentiometer                                 bssBANK1     000B0
_prec                                          bssBANK1     000AE
_printBuffer                                   bssBANK2     00144
_printFloat                                    text19       00B4F
_printLogs                                     text17       00C99
_printNewLine                                  text18       014C9
_printStr                                      text26       01652
_printUint32                                   text25       00AED
_printf                                        text20       0158B
_putch                                         text24       014B2
_readLine                                      text11       0097C
_sensorHeight                                  bssBANK1     000CD
_setpoint                                      dataBANK1    000EF
_spi1_configuration                            stringtext2  01800
_spi_master_open                               text37       01609
_str2float                                     text9        00F08
_str2uint8                                     text7        00861
_uartHandler                                   text6        00663
_updateLedstripAnimation                       text1        00D4D
_vfpfcnvrt                                     text22       00931
_vfprintf                                      text21       016BB
_width                                         bssBANK1     000AC
adcConversionDoneHandler@channel               dataBANK1    000EC
btemp                                          (abs)        0007E
clear_ram0                                     clrtext      014A6
end_of_initialization                          cinit        00072
fputc@c                                        cstackBANK0  00021
fputc@fp                                       cstackBANK0  00023
i1ADC_SelectChannel@channel                    cstackCOMMON 00071
i1_ADC_SelectChannel                           text81       01555
init_ram                                       inittext     014AC
int$flags                                      (abs)        0007E
intlevel0                                      functab      00000
intlevel1                                      functab      00000
intlevel2                                      functab      00000
intlevel3                                      functab      00000
intlevel4                                      functab      00000
intlevel5                                      functab      00000
main@printCycle                                bssBANK1     000CC
printFloat@naComma                             cstackBANK1  000D6
printFloat@value                               cstackBANK1  000D2
printFloat@voorComma                           cstackBANK1  000DA
printStr@str                                   cstackBANK0  00021
printUint32@getal                              cstackBANK0  0002D
printUint32@i                                  cstackBANK0  00033
printUint32@leadingZeros                       cstackBANK0  00031
printf@ap                                      cstackBANK0  0003C
printf@fmt                                     cstackBANK0  0003A
putch@txData                                   cstackBANK0  00020
readLine@index                                 bssCOMMON    00076
reset_vec                                      reset_vec    00000
spi_master_open@config                         cstackCOMMON 00075
start                                          init         0003C
start_initialization                           cinit        0003E
str2float@cijfer                               cstackBANK1  000DB
str2float@getal                                cstackBANK1  000D7
str2float@i                                    cstackBANK1  000D2
str2float@kommaCounter                         cstackBANK1  000D5
str2float@kommaPresent                         cstackBANK1  000D4
str2float@str                                  cstackBANK1  000D6
str2uint8@cijfer                               cstackBANK0  00026
str2uint8@getal                                cstackBANK0  00027
str2uint8@i                                    cstackBANK0  00024
str2uint8@str                                  cstackBANK0  00023
uartHandler@str                                cstackBANK0  0006E
updateLedstripAnimation@blue                   bssBANK1     000C8
updateLedstripAnimation@change_color           bssBANK1     000C9
updateLedstripAnimation@direction              bssBANK1     000CB
updateLedstripAnimation@green                  bssBANK1     000C7
updateLedstripAnimation@led                    cstackBANK0  00025
updateLedstripAnimation@led_run                bssBANK1     000CA
updateLedstripAnimation@red                    dataBANK1    000ED
vfpfcnvrt@ap                                   cstackBANK0  0002D
vfpfcnvrt@fmt                                  cstackBANK0  0002C
vfpfcnvrt@fp                                   cstackBANK0  0002A
vfprintf@ap                                    cstackBANK0  00036
vfprintf@cfmt                                  cstackBANK0  00038
vfprintf@fmt                                   cstackBANK0  00034
vfprintf@fp                                    cstackBANK0  00032
wtemp0                                         (abs)        0007E


MODULE INFORMATION

Module		Function		Class		Link	Load	Size
C:\Program Files\Microchip\xc8\v2.41\pic\sources\c99\common\llmod.c
		___llmod       		CODE           	08E6	0000	75

C:\Program Files\Microchip\xc8\v2.41\pic\sources\c99\common\llmod.c estimated size: 75

UART.c
		_printStr      		CODE           	1652	0000	26
		_printNewLine  		CODE           	14C9	0000	9
		_printFloat    		CODE           	0B4F	0000	159
		_str2float     		CODE           	0F08	0000	248
		_readLine      		CODE           	097C	0000	88
		_printUint32   		CODE           	0AED	0000	98
		_printLogs     		CODE           	0C99	0000	180
		_uartHandler   		CODE           	0663	0000	257
		_str2uint8     		CODE           	0861	0000	64

UART.c estimated size: 1129

C:\Program Files\Microchip\xc8\v2.41\pic\sources\c99\common\Umul8_16.c
		__Umul8_16     		CODE           	173D	0000	36

C:\Program Files\Microchip\xc8\v2.41\pic\sources\c99\common\Umul8_16.c estimated size: 36

C:\Program Files\Microchip\xc8\v2.41\pic\sources\c99\common\fltol.c
		___fltol       		CODE           	0764	0000	113

C:\Program Files\Microchip\xc8\v2.41\pic\sources\c99\common\fltol.c estimated size: 113

mcc_generated_files/tmr4.c
		_TMR4_HasOverflowOccured		CODE           	1562	0000	13
		_TMR4_Initialize		CODE           	14E5	0000	10

mcc_generated_files/tmr4.c estimated size: 23

C:\Program Files\Microchip\xc8\v2.41\pic\sources\c99\common\xxtofl.c
		___xxtofl      		CODE           	0BEE	0000	171

C:\Program Files\Microchip\xc8\v2.41\pic\sources\c99\common\xxtofl.c estimated size: 171

C:\Program Files\Microchip\xc8\v2.41\pic\sources\c99\common\__lldiv.c
		___lldiv       		CODE           	09D4	0000	91

C:\Program Files\Microchip\xc8\v2.41\pic\sources\c99\common\__lldiv.c estimated size: 91

mcc_generated_files/tmr2.c
		_TMR2_Initialize		CODE           	14C1	0000	8

mcc_generated_files/tmr2.c estimated size: 8

mcc_generated_files/interrupt_manager.c
		_INTERRUPT_InterruptManager		CODE           	0004	0000	56

mcc_generated_files/interrupt_manager.c estimated size: 56

C:\Program Files\Microchip\xc8\v2.41\pic\sources\c99\common\nf_fputc.c
		_fputc         		CODE           	0A8E	0000	95

C:\Program Files\Microchip\xc8\v2.41\pic\sources\c99\common\nf_fputc.c estimated size: 95

mcc_generated_files/tmr0.c
		_TMR0_HasOverflowOccured		CODE           	1462	0000	5
		_TMR0_Initialize		CODE           	14DB	0000	10

mcc_generated_files/tmr0.c estimated size: 15

mcc_generated_files/pin_manager.c
		_PIN_MANAGER_Initialize		CODE           	17C7	0000	57

mcc_generated_files/pin_manager.c estimated size: 57

C:\Program Files\Microchip\xc8\v2.41\pic\sources\c99\common\sprcadd.c
		___flsub       		CODE           	16D9	0000	32
		___fladd       		CODE           	02B1	0000	520

C:\Program Files\Microchip\xc8\v2.41\pic\sources\c99\common\sprcadd.c estimated size: 552

mcc_generated_files/spi1.c
		_SPI1_Open     		CODE           	0A2F	0000	95
		_SPI1_Initialize		CODE           	15DF	0000	20
		_SPI1_ExchangeByte		CODE           	153D	0000	12

mcc_generated_files/spi1.c estimated size: 127

mcc_generated_files/adc.c
		_ADC_DefaultInterruptHandler		CODE           	1453	0000	1
		_ADC_Initialize		CODE           	15CD	0000	18
		_ADC_SetInterruptHandler		CODE           	147C	0000	6
		_ADC_GetConversionResult		CODE           	1476	0000	6
		_ADC_ISR       		CODE           	157C	0000	15
		_ADC_SelectChannel		CODE           	156F	0000	13

mcc_generated_files/adc.c estimated size: 59

C:\Program Files\Microchip\xc8\v2.41\pic\sources\c99\common\doprnt.c
		_vfpfcnvrt     		CODE           	0931	0000	75
		_vfprintf      		CODE           	16BB	0000	30

C:\Program Files\Microchip\xc8\v2.41\pic\sources\c99\common\doprnt.c estimated size: 105

C:\Program Files\Microchip\xc8\v2.41\pic\sources\c99\common\Umul8.c
		___bmul        		CODE           	15F3	0000	22

C:\Program Files\Microchip\xc8\v2.41\pic\sources\c99\common\Umul8.c estimated size: 22

PI.c
		_PI_GetDutycycle		CODE           	14A0	0000	6
		_PI_GetSetPoint		CODE           	1457	0000	3
		_PI_SetSetpoint		CODE           	1471	0000	5
		_PI            		CODE           	0E20	0000	232
		_PI_GetKi      		CODE           	15AB	0000	17
		_PI_GetKp      		CODE           	15BC	0000	17
		_PI_SetKi      		CODE           	14EF	0000	10
		_PI_SetKp      		CODE           	14F9	0000	10
		_PI_GetSensorHeight		CODE           	1454	0000	3

PI.c estimated size: 303

mcc_generated_files/drivers/spi_master.c
		_spi_master_open		CODE           	1609	0000	23
		_MASTER0_open  		CODE           	1467	0000	5

mcc_generated_files/drivers/spi_master.c estimated size: 28

shared
		__initialization		CODE           	003E	0000	52
		i1_ADC_SelectChannel		CODE           	1555	0000	13
		_spiMaster     		STRCODE        	0000	0000	0
		_spi1_configuration		STRCODE        	1800	0000	8

shared estimated size: 73

mcc_generated_files/pwm5.c
		_PWM5_LoadDutyValue		CODE           	1639	0000	25
		_PWM5_Initialize		CODE           	1525	0000	12

mcc_generated_files/pwm5.c estimated size: 37

mcc_generated_files/mcc.c
		_WDT_Initialize		CODE           	07FC	0000	4
		_PMD_Initialize		CODE           	14B9	0000	8
		_OSCILLATOR_Initialize		CODE           	1519	0000	12
		_SYSTEM_Initialize		CODE           	171B	0000	34

mcc_generated_files/mcc.c estimated size: 58

ledstrip.c
		_Send_LED_StartFrame		CODE           	1686	0000	26
		_Send_LED_EndFrame		CODE           	16A0	0000	27
		_Send_LED_Frame		CODE           	166C	0000	26
		_initLedStrip  		CODE           	146C	0000	5
		_updateLedstripAnimation		CODE           	0D4D	0000	211

ledstrip.c estimated size: 295

mcc_generated_files/eusart.c
		_EUSART_SetRxInterruptHandler		CODE           	1494	0000	6
		_EUSART_SetTxInterruptHandler		CODE           	149A	0000	6
		_putch         		CODE           	14B2	0000	7
		_EUSART_Read   		CODE           	0800	0000	36
		_EUSART_DefaultOverrunErrorHandler		CODE           	145E	0000	4
		_EUSART_Write  		CODE           	07D5	0000	39
		_EUSART_DefaultErrorHandler		CODE           	145A	0000	4
		_EUSART_Transmit_ISR		CODE           	16F9	0000	34
		_EUSART_Initialize		CODE           	0824	0000	61
		_EUSART_SetFramingErrorHandler		CODE           	1488	0000	6
		_EUSART_SetErrorHandler		CODE           	1482	0000	6
		_EUSART_SetOverrunErrorHandler		CODE           	148E	0000	6
		_EUSART_Receive_ISR		CODE           	178E	0000	57
		_EUSART_RxDataHandler		CODE           	1620	0000	25
		_EUSART_DefaultFramingErrorHandler		CODE           	0003	0000	1
		_EUSART_is_rx_ready		CODE           	14D2	0000	9

mcc_generated_files/eusart.c estimated size: 307

main.c
		_main          		CODE           	08A1	0000	69

main.c estimated size: 69

C:\Program Files\Microchip\xc8\v2.41\pic\sources\c99\common\sprcmul.c
		___flmul       		CODE           	0076	0000	571

C:\Program Files\Microchip\xc8\v2.41\pic\sources\c99\common\sprcmul.c estimated size: 571

C:\Program Files\Microchip\xc8\v2.41\pic\sources\c99\common\printf.c
		_printf        		CODE           	158B	0000	16

C:\Program Files\Microchip\xc8\v2.41\pic\sources\c99\common\printf.c estimated size: 16

adcMultiplexer.c
		_getHoogteSensor		CODE           	1503	0000	11
		_initAdcMultiplexer		CODE           	1531	0000	12
		_adcConversionDoneHandler		CODE           	1761	0000	45
		_getPotentiometer		CODE           	150E	0000	11

adcMultiplexer.c estimated size: 79

C:\Program Files\Microchip\xc8\v2.41\pic\sources\c99\common\sprcdiv.c
		___fldiv       		CODE           	04B9	0000	426

C:\Program Files\Microchip\xc8\v2.41\pic\sources\c99\common\sprcdiv.c estimated size: 426

