Microchip MPLAB XC8 Compiler V2.41

Linker command line:

-W-3 \
  --edf=C:/Users/gaeta/.mchp_packs/Microchip/PIC16F1xxxx_DFP/1.18.352/xc8\pic\dat\20230322162823_en.msgs \
  -cn -h+dist/default/production\PingPong_Student-master.production.sym \
  --cmf=dist/default/production\PingPong_Student-master.production.cmf -z \
  -Q16F18345 -oC:\Users\gaeta\AppData\Local\Temp\xcAs8ao.\driver_tmp_3.o \
  --defsym=__MPLAB_BUILD=1 --fixupoverflow=error \
  -Mdist/default/production/PingPong_Student-master.production.map \
  --md=C:\Users\gaeta\AppData\Local\Temp\xcAs8ao.\driver_tmp_0.dat -E1 \
  -ver=XC8 Compiler --acfsm=1493 -ACODE=00h-07FFhx4 -ASTRCODE=00h-01FFFh \
  -ASTRING=00h-0FFhx32 -ACONST=00h-0FFhx32 -AENTRY=00h-0FFhx32 \
  -ACOMMON=070h-07Fh -ABANK0=020h-06Fh -ABANK1=0A0h-0EFh \
  -ABANK2=0120h-016Fh -ABANK3=01A0h-01EFh -ABANK4=0220h-026Fh \
  -ABANK5=02A0h-02EFh -ABANK6=0320h-036Fh -ABANK7=03A0h-03EFh \
  -ABANK8=0420h-046Fh -ABANK9=04A0h-04EFh -ABANK10=0520h-056Fh \
  -ABANK11=05A0h-05EFh -ABANK12=0620h-064Fh -ABIGRAM=02000h-023EFh \
  -ARAM=020h-06Fh,0A0h-0EFh,0120h-016Fh,01A0h-01EFh,0220h-026Fh,02A0h-02EFh,0320h-036Fh,03A0h-03EFh,0420h-046Fh,04A0h-04EFh,0520h-056Fh,05A0h-05EFh,0620h-064Fh \
  -AABS1=020h-07Fh,0A0h-0EFh,0120h-016Fh,01A0h-01EFh,0220h-026Fh,02A0h-02EFh,0320h-036Fh,03A0h-03EFh,0420h-046Fh,04A0h-04EFh,0520h-056Fh,05A0h-05EFh,0620h-064Fh \
  -ASFR0=00h-01Fh -ASFR1=080h-09Fh -ASFR2=0100h-011Fh -ASFR3=0180h-019Fh \
  -ASFR4=0200h-021Fh -ASFR5=0280h-029Fh -ASFR6=0300h-031Fh \
  -ASFR7=0380h-039Fh -ASFR8=0400h-041Fh -ASFR9=0480h-049Fh \
  -ASFR10=0500h-051Fh -ASFR11=0580h-059Fh -ASFR12=0600h-061Fh \
  -ASFR13=0680h-06EFh -ASFR14=0700h-076Fh -ASFR15=0780h-07EFh \
  -ASFR16=0800h-086Fh -ASFR17=0880h-08EFh -ASFR18=0900h-096Fh \
  -ASFR19=0980h-09EFh -ASFR20=0A00h-0A6Fh -ASFR21=0A80h-0AEFh \
  -ASFR22=0B00h-0B6Fh -ASFR23=0B80h-0BEFh -ASFR24=0C00h-0C6Fh \
  -ASFR25=0C80h-0CEFh -ASFR26=0D00h-0D6Fh -ASFR27=0D80h-0DEFh \
  -ASFR28=0E00h-0E6Fh -ASFR29=0E80h-0EEFh -ASFR30=0F00h-0F6Fh \
  -ASFR31=0F80h-0FEFh -ACONFIG=08007h-0800Ah -DCONFIG=2 \
  -AIDLOC=08000h-08003h -DIDLOC=2 -AEEDATA=00h-0FFh/0F000h \
  -peeprom_data=EEDATA -DEEDATA=2 -DCODE=2 -DSTRCODE=2 -DSTRING=2 -DCONST=2 \
  -DENTRY=2 -preset_vec=00h,intentry=04h,init,end_init -ppowerup=CODE \
  -pcinit=CODE -pfunctab=ENTRY -k \
  C:\Users\gaeta\AppData\Local\Temp\xcAs8ao.\driver_tmp_20.o \
  dist/default/production\PingPong_Student-master.production.o 

Object code version is 3.11

Machine type is 16F18345



                Name                               Link     Load   Length Selector   Space Scale
C:\Users\gaeta\AppData\Local\Temp\xcAs8ao.\driver_tmp_20.o
                end_init                             3C       3C        2        8       0
                reset_vec                             0        0        2        0       0
                config                             8007     8007        4        0       4
dist/default/production\PingPong_Student-master.production.o
                cinit                                3E       3E       39        8       0
                intentry                              4        4       38        8       0
                config                             8007     8007        4        0       4
                text81                             147F     147F        6     28FE       0
                text80                             1561     1561        D     2AC2       0
                text79                              804      804       39     1008       0
                text78                                2        2        1        0       0
                text77                             1588     1588        F     2B10       0
                text76                             162C     162C       19     2C58       0
                text75                             1468     1468        4     28D0       0
                text74                                3        3        1        6       0
                text73                             146C     146C        4     28D8       0
                text72                              83D      83D       39     107A       0
                text71                             16B6     16B6       22     2D6C       0
                text69                             1645     1645       19     2C8A       0
                text68                              2B2      2B2      208        8       0
                text67                             16D8     16D8       24     2DB0       0
                text66                               77       77      23B        8       0
                text65                              BF4      BF4       71     17E8       0
                text64                              D75      D75       AB     1AEA       0
                text63                             1510     1510        B     2A20       0
                text62                             151B     151B        B     2A36       0
                text61                              E20      E20       E8     1C40       0
                text60                             1485     1485        6     290A       0
                text59                             15D9     15D9       12     2BB2       0
                text58                             148B     148B        6     2916       0
                text57                             1491     1491        6     2922       0
                text56                             1497     1497        6     292E       0
                text55                             149D     149D        6     293A       0
                text54                             14A3     14A3        6     2946       0
                text53                              8AF      8AF       3D     115E       0
                text52                             1531     1531        C     2A62       0
                text51                              876      876       39     10EC       0
                text50                             14BC     14BC        8     2978       0
                text49                             153D     153D        C     2A7A       0
                text48                             15EB     15EB       14     2BD6       0
                text47                             14DE     14DE        A     29BC       0
                text46                             14C4     14C4        8     2988       0
                text45                             14E8     14E8        A     29D0       0
                text44                             14F2     14F2        A     29E4       0
                text43                              800      800        4        8       0
                text42                             1720     1720       25     2E40       0
                text41                             1470     1470        5     28E0       0
                text40                             156E     156E        D     2ADC       0
                text39                             1526     1526        B     2A4C       0
                text38                             157B     157B        D     2AF6       0
                text37                             1549     1549        C     2A92       0
                text36                              A6A      A6A       5F     14D4       0
                text35                             1475     1475        5     28EA       0
                text34                             1615     1615       17     2C2A       0
                text33                             147A     147A        5     28F4       0
                text32                             15B7     15B7       11     2B6E       0
                text31                             15C8     15C8       11     2B90       0
                text30                             1465     1465        3     28CA       0
                text29                             14FC     14FC        A     29F8       0
                text28                             1506     1506        A     2A0C       0
                text27                              7FB      7FB        5        8       0
                text26                             1696     1696       20     2D2C       0
                text25                              9B4      9B4       5B     1368       0
                text24                              969      969       4B     12D2       0
                text23                             1745     1745       27     2E8A       0
                text22                             165E     165E       1A     2CBC       0
                text21                              B28      B28       62     1650       0
                text20                              8EC      8EC       3D     11D8       0
                text19                             1793     1793       35     2F26       0
                text18                             14B5     14B5        7     296A       0
                text17                              AC9      AC9       5F     1592       0
                text16                             176C     176C       27     2ED8       0
                text15                             17C8     17C8       38     2F90       0
                text14                              C65      C65       7C     18CA       0
                text13                              CE1      CE1       94     19C2       0
                text12                             1678     1678       1E     2CF0       0
                text11                             1597     1597       10     2B2E       0
                text10                              75C      75C       9F        8       0
                text9                              16FC     16FC       24     2DF8       0
                text8                              14CC     14CC        9     2998       0
                text7                              14D5     14D5        9     29AA       0
                text6                               A0F      A0F       5B     141E       0
                text5                               4BA      4BA      1AA        8       0
                text4                               F08      F08       F8     1E10       0
                text3                              15FF     15FF       16     2BFE       0
                text2                               929      929       40     1252       0
                text1                               664      664       F8        8       0
                maintext                            B8A      B8A       6A     1714       0
                cstackBANK0                          20       20       4F       20       1
                cstackCOMMON                         70       70        6       70       1
                cstackBANK1                          D3       D3       10       A0       1
                cstackBANK2                         15F      15F        4      120       1
                clrtext                            14A9     14A9        6     2952       0
                inittext                           14AF     14AF        6     295E       0
                bssBANK3                            1A0      1A0       20      1A0       1
                dataBANK2                           14F      14F       10      120       1
                bssBANK2                            120      120       2F      120       1
                dataBANK1                            E3       E3        C       A0       1
                bssBANK1                             A0       A0       33       A0       1
                bssBANK0                             6F       6F        1       20       1
                bssCOMMON                            76       76        4       70       1
                stringtext16                       18B4     18B4        2     3000       0
                stringtext15                       18B0     18B0        4     3000       0
                stringtext14                       18AC     18AC        4     3000       0
                stringtext13                       18A8     18A8        4     3000       0
                stringtext12                       18A3     18A3        5     3000       0
                stringtext11                       189C     189C        7     3000       0
                stringtext10                       1895     1895        7     3000       0
                stringtext9                        188C     188C        9     3000       0
                stringtext8                        1880     1880        C     3000       0
                stringtext7                        1873     1873        D     3000       0
                stringtext6                        1866     1866        D     3000       0
                stringtext5                        1859     1859        D     3000       0
                stringtext4                        184A     184A        F     3000       0
                stringtext3                        1820     1820       16     3000       0
                stringtext2                        1800     1800       20     3000       0
                stringtext1                        1836     1836       14     3000       0
                idataBANK2                         15A7     15A7       10     2B4E       0
                idataBANK1                         1555     1555        C     2AAA       0

TOTAL           Name                               Link     Load   Length     Space
        CLASS   CODE           
                end_init                             3C       3C        2         0
                cinit                                3E       3E       39         0
                intentry                              4        4       38         0
                reset_vec                             0        0        2         0
                text81                             147F     147F        6         0
                text80                             1561     1561        D         0
                text79                              804      804       39         0
                text78                                2        2        1         0
                text77                             1588     1588        F         0
                text76                             162C     162C       19         0
                text75                             1468     1468        4         0
                text74                                3        3        1         0
                text73                             146C     146C        4         0
                text72                              83D      83D       39         0
                text71                             16B6     16B6       22         0
                text69                             1645     1645       19         0
                text68                              2B2      2B2      208         0
                text67                             16D8     16D8       24         0
                text66                               77       77      23B         0
                text65                              BF4      BF4       71         0
                text64                              D75      D75       AB         0
                text63                             1510     1510        B         0
                text62                             151B     151B        B         0
                text61                              E20      E20       E8         0
                text60                             1485     1485        6         0
                text59                             15D9     15D9       12         0
                text58                             148B     148B        6         0
                text57                             1491     1491        6         0
                text56                             1497     1497        6         0
                text55                             149D     149D        6         0
                text54                             14A3     14A3        6         0
                text53                              8AF      8AF       3D         0
                text52                             1531     1531        C         0
                text51                              876      876       39         0
                text50                             14BC     14BC        8         0
                text49                             153D     153D        C         0
                text48                             15EB     15EB       14         0
                text47                             14DE     14DE        A         0
                text46                             14C4     14C4        8         0
                text45                             14E8     14E8        A         0
                text44                             14F2     14F2        A         0
                text43                              800      800        4         0
                text42                             1720     1720       25         0
                text41                             1470     1470        5         0
                text40                             156E     156E        D         0
                text39                             1526     1526        B         0
                text38                             157B     157B        D         0
                text37                             1549     1549        C         0
                text36                              A6A      A6A       5F         0
                text35                             1475     1475        5         0
                text34                             1615     1615       17         0
                text33                             147A     147A        5         0
                text32                             15B7     15B7       11         0
                text31                             15C8     15C8       11         0
                text30                             1465     1465        3         0
                text29                             14FC     14FC        A         0
                text28                             1506     1506        A         0
                text27                              7FB      7FB        5         0
                text26                             1696     1696       20         0
                text25                              9B4      9B4       5B         0
                text24                              969      969       4B         0
                text23                             1745     1745       27         0
                text22                             165E     165E       1A         0
                text21                              B28      B28       62         0
                text20                              8EC      8EC       3D         0
                text19                             1793     1793       35         0
                text18                             14B5     14B5        7         0
                text17                              AC9      AC9       5F         0
                text16                             176C     176C       27         0
                text15                             17C8     17C8       38         0
                text14                              C65      C65       7C         0
                text13                              CE1      CE1       94         0
                text12                             1678     1678       1E         0
                text11                             1597     1597       10         0
                text10                              75C      75C       9F         0
                text9                              16FC     16FC       24         0
                text8                              14CC     14CC        9         0
                text7                              14D5     14D5        9         0
                text6                               A0F      A0F       5B         0
                text5                               4BA      4BA      1AA         0
                text4                               F08      F08       F8         0
                text3                              15FF     15FF       16         0
                text2                               929      929       40         0
                text1                               664      664       F8         0
                maintext                            B8A      B8A       6A         0
                clrtext                            14A9     14A9        6         0
                inittext                           14AF     14AF        6         0
                idataBANK2                         15A7     15A7       10         0
                idataBANK1                         1555     1555        C         0

        CLASS   STRCODE        
                stringtext16                       18B4     18B4        2         0
                stringtext15                       18B0     18B0        4         0
                stringtext14                       18AC     18AC        4         0
                stringtext13                       18A8     18A8        4         0
                stringtext12                       18A3     18A3        5         0
                stringtext11                       189C     189C        7         0
                stringtext10                       1895     1895        7         0
                stringtext9                        188C     188C        9         0
                stringtext8                        1880     1880        C         0
                stringtext7                        1873     1873        D         0
                stringtext6                        1866     1866        D         0
                stringtext5                        1859     1859        D         0
                stringtext4                        184A     184A        F         0
                stringtext3                        1820     1820       16         0
                stringtext2                        1800     1800       20         0
                stringtext1                        1836     1836       14         0

        CLASS   STRING         

        CLASS   CONST          

        CLASS   ENTRY          

        CLASS   COMMON         
                cstackCOMMON                         70       70        6         1
                bssCOMMON                            76       76        4         1

        CLASS   BANK0          
                cstackBANK0                          20       20       4F         1
                bssBANK0                             6F       6F        1         1

        CLASS   BANK1          
                cstackBANK1                          D3       D3       10         1
                dataBANK1                            E3       E3        C         1
                bssBANK1                             A0       A0       33         1

        CLASS   BANK2          
                cstackBANK2                         15F      15F        4         1
                dataBANK2                           14F      14F       10         1
                bssBANK2                            120      120       2F         1

        CLASS   BANK3          
                bssBANK3                            1A0      1A0       20         1

        CLASS   BANK4          

        CLASS   BANK5          

        CLASS   BANK6          

        CLASS   BANK7          

        CLASS   BANK8          

        CLASS   BANK9          

        CLASS   BANK10         

        CLASS   BANK11         

        CLASS   BANK12         

        CLASS   BIGRAM         

        CLASS   RAM            

        CLASS   ABS1           
                abs_s1                               7E       7E        2         1

        CLASS   SFR0           

        CLASS   SFR1           

        CLASS   SFR2           

        CLASS   SFR3           

        CLASS   SFR4           

        CLASS   SFR5           

        CLASS   SFR6           

        CLASS   SFR7           

        CLASS   SFR8           

        CLASS   SFR9           

        CLASS   SFR10          

        CLASS   SFR11          

        CLASS   SFR12          

        CLASS   SFR13          

        CLASS   SFR14          

        CLASS   SFR15          

        CLASS   SFR16          

        CLASS   SFR17          

        CLASS   SFR18          

        CLASS   SFR19          

        CLASS   SFR20          

        CLASS   SFR21          

        CLASS   SFR22          

        CLASS   SFR23          

        CLASS   SFR24          

        CLASS   SFR25          

        CLASS   SFR26          

        CLASS   SFR27          

        CLASS   SFR28          

        CLASS   SFR29          

        CLASS   SFR30          

        CLASS   SFR31          

        CLASS   CONFIG         
                config                             8007     8007        4         4

        CLASS   IDLOC          

        CLASS   EEDATA         

        CLASS   BANK31         

        CLASS   BANK30         

        CLASS   BANK29         

        CLASS   BANK28         

        CLASS   BANK27         

        CLASS   BANK26         

        CLASS   BANK25         

        CLASS   BANK24         

        CLASS   BANK23         

        CLASS   BANK22         

        CLASS   BANK21         

        CLASS   BANK20         

        CLASS   BANK19         

        CLASS   BANK18         

        CLASS   BANK17         

        CLASS   BANK16         

        CLASS   BANK15         

        CLASS   BANK14         

        CLASS   BANK13         

        CLASS   HEAP           

        CLASS   STACK          



SEGMENTS        Name                           Load    Length   Top    Selector   Space  Class     Delta

                reset_vec                      000000  000003  000003         0       0  CODE        2
                text74                         000003  000001  000004         6       0  CODE        2
                intentry                       000004  000800  000804         8       0  CODE        2
                cstackBANK0                    000020  000050  000070        20       1  BANK0       1
                cstackCOMMON                   000070  00000A  00007A        70       1  COMMON      1
                bssBANK1                       0000A0  00004F  0000EF        A0       1  BANK1       1
                bssBANK2                       000120  000043  000163       120       1  BANK2       1
                bssBANK3                       0001A0  000020  0001C0       1A0       1  BANK3       1
                text79                         000804  000039  00083D      1008       0  CODE        2
                text72                         00083D  000039  000876      107A       0  CODE        2
                text51                         000876  000039  0008AF      10EC       0  CODE        2
                text53                         0008AF  00003D  0008EC      115E       0  CODE        2
                text20                         0008EC  00003D  000929      11D8       0  CODE        2
                text2                          000929  000040  000969      1252       0  CODE        2
                text24                         000969  00004B  0009B4      12D2       0  CODE        2
                text25                         0009B4  00005B  000A0F      1368       0  CODE        2
                text6                          000A0F  00005B  000A6A      141E       0  CODE        2
                text36                         000A6A  00005F  000AC9      14D4       0  CODE        2
                text17                         000AC9  00005F  000B28      1592       0  CODE        2
                text21                         000B28  000062  000B8A      1650       0  CODE        2
                maintext                       000B8A  00006A  000BF4      1714       0  CODE        2
                text65                         000BF4  000071  000C65      17E8       0  CODE        2
                text14                         000C65  00007C  000CE1      18CA       0  CODE        2
                text13                         000CE1  000094  000D75      19C2       0  CODE        2
                text64                         000D75  0000AB  000E20      1AEA       0  CODE        2
                text61                         000E20  0000E8  000F08      1C40       0  CODE        2
                text4                          000F08  0000F8  001000      1E10       0  CODE        2
                text30                         001465  000003  001468      28CA       0  CODE        2
                text75                         001468  000004  00146C      28D0       0  CODE        2
                text73                         00146C  000004  001470      28D8       0  CODE        2
                text41                         001470  000005  001475      28E0       0  CODE        2
                text35                         001475  000005  00147A      28EA       0  CODE        2
                text33                         00147A  000005  00147F      28F4       0  CODE        2
                text81                         00147F  000006  001485      28FE       0  CODE        2
                text60                         001485  000006  00148B      290A       0  CODE        2
                text58                         00148B  000006  001491      2916       0  CODE        2
                text57                         001491  000006  001497      2922       0  CODE        2
                text56                         001497  000006  00149D      292E       0  CODE        2
                text55                         00149D  000006  0014A3      293A       0  CODE        2
                text54                         0014A3  000006  0014A9      2946       0  CODE        2
                clrtext                        0014A9  000006  0014AF      2952       0  CODE        2
                inittext                       0014AF  000006  0014B5      295E       0  CODE        2
                text18                         0014B5  000007  0014BC      296A       0  CODE        2
                text50                         0014BC  000008  0014C4      2978       0  CODE        2
                text46                         0014C4  000008  0014CC      2988       0  CODE        2
                text8                          0014CC  000009  0014D5      2998       0  CODE        2
                text7                          0014D5  000009  0014DE      29AA       0  CODE        2
                text47                         0014DE  00000A  0014E8      29BC       0  CODE        2
                text45                         0014E8  00000A  0014F2      29D0       0  CODE        2
                text44                         0014F2  00000A  0014FC      29E4       0  CODE        2
                text29                         0014FC  00000A  001506      29F8       0  CODE        2
                text28                         001506  00000A  001510      2A0C       0  CODE        2
                text63                         001510  00000B  00151B      2A20       0  CODE        2
                text62                         00151B  00000B  001526      2A36       0  CODE        2
                text39                         001526  00000B  001531      2A4C       0  CODE        2
                text52                         001531  00000C  00153D      2A62       0  CODE        2
                text49                         00153D  00000C  001549      2A7A       0  CODE        2
                text37                         001549  00000C  001555      2A92       0  CODE        2
                idataBANK1                     001555  00000C  001561      2AAA       0  CODE        2
                text80                         001561  00000D  00156E      2AC2       0  CODE        2
                text40                         00156E  00000D  00157B      2ADC       0  CODE        2
                text38                         00157B  00000D  001588      2AF6       0  CODE        2
                text77                         001588  00000F  001597      2B10       0  CODE        2
                text11                         001597  000010  0015A7      2B2E       0  CODE        2
                idataBANK2                     0015A7  000010  0015B7      2B4E       0  CODE        2
                text32                         0015B7  000011  0015C8      2B6E       0  CODE        2
                text31                         0015C8  000011  0015D9      2B90       0  CODE        2
                text59                         0015D9  000012  0015EB      2BB2       0  CODE        2
                text48                         0015EB  000014  0015FF      2BD6       0  CODE        2
                text3                          0015FF  000016  001615      2BFE       0  CODE        2
                text34                         001615  000017  00162C      2C2A       0  CODE        2
                text76                         00162C  000019  001645      2C58       0  CODE        2
                text69                         001645  000019  00165E      2C8A       0  CODE        2
                text22                         00165E  00001A  001678      2CBC       0  CODE        2
                text12                         001678  00001E  001696      2CF0       0  CODE        2
                text26                         001696  000020  0016B6      2D2C       0  CODE        2
                text71                         0016B6  000022  0016D8      2D6C       0  CODE        2
                text67                         0016D8  000024  0016FC      2DB0       0  CODE        2
                text9                          0016FC  000024  001720      2DF8       0  CODE        2
                text42                         001720  000025  001745      2E40       0  CODE        2
                text23                         001745  000027  00176C      2E8A       0  CODE        2
                text16                         00176C  000027  001793      2ED8       0  CODE        2
                text19                         001793  000035  0017C8      2F26       0  CODE        2
                text15                         0017C8  000038  001800      2F90       0  CODE        2
                stringtext2                    001800  0000B6  0018B6      3000       0  STRCODE     2


UNUSED ADDRESS RANGES

        Name                Unused          Largest block    Delta
        BANK1            000EF-000EF               1           1
        BANK10           00520-0056F              50           1
        BANK11           005A0-005EF              50           1
        BANK12           00620-0064F              30           1
        BANK2            00163-0016F               D           1
        BANK3            001C0-001EF              30           1
        BANK4            00220-0026F              50           1
        BANK5            002A0-002EF              50           1
        BANK6            00320-0036F              50           1
        BANK7            003A0-003EF              50           1
        BANK8            00420-0046F              50           1
        BANK9            004A0-004EF              50           1
        BIGRAM           02000-023EF             3F0           1
        CODE             01000-01464             465           2
                         018B6-01FFF             74A
        COMMON           0007A-0007D               4           1
        CONST            01000-01464             100           2
                         018B6-01FFF             100
        EEDATA           0F000-0F0FF             100           2
        ENTRY            01000-01464             100           2
                         018B6-01FFF             100
        IDLOC            08000-08003               4           2
        RAM              000EF-000EF               1           1
                         00163-0016F               D
                         001C0-001EF              30
                         00220-0026F              50
                         002A0-002EF              50
                         00320-0036F              50
                         003A0-003EF              50
                         00420-0046F              50
                         004A0-004EF              50
                         00520-0056F              50
                         005A0-005EF              50
                         00620-0064F              30
        SFR0             00000-0001F              20           1
        SFR1             00080-0009F              20           1
        SFR10            00500-0051F              20           1
        SFR11            00580-0059F              20           1
        SFR12            00600-0061F              20           1
        SFR13            00680-006EF              70           1
        SFR14            00700-0076F              70           1
        SFR15            00780-007EF              70           1
        SFR16            00800-0086F              70           1
        SFR17            00880-008EF              70           1
        SFR18            00900-0096F              70           1
        SFR19            00980-009EF              70           1
        SFR2             00100-0011F              20           1
        SFR20            00A00-00A6F              70           1
        SFR21            00A80-00AEF              70           1
        SFR22            00B00-00B6F              70           1
        SFR23            00B80-00BEF              70           1
        SFR24            00C00-00C6F              70           1
        SFR25            00C80-00CEF              70           1
        SFR26            00D00-00D6F              70           1
        SFR27            00D80-00DEF              70           1
        SFR28            00E00-00E6F              70           1
        SFR29            00E80-00EEF              70           1
        SFR3             00180-0019F              20           1
        SFR30            00F00-00F6F              70           1
        SFR31            00F80-00FEF              70           1
        SFR4             00200-0021F              20           1
        SFR5             00280-0029F              20           1
        SFR6             00300-0031F              20           1
        SFR7             00380-0039F              20           1
        SFR8             00400-0041F              20           1
        SFR9             00480-0049F              20           1
        STRCODE          01000-01464             465           2
                         018B6-01FFF             74A
        STRING           01000-01464             100           2
                         018B6-01FFF             100

                                  Symbol Table

?_ADC_GetConversionResult                      cstackCOMMON 00070
?_PI_GetKi                                     cstackBANK0  00020
?_PI_GetKp                                     cstackBANK0  00020
?__Umul8_16                                    cstackCOMMON 00074
?___fladd                                      cstackBANK0  0002E
?___fldiv                                      cstackBANK0  00020
?___flmul                                      cstackBANK0  0004A
?___flsub                                      cstackBANK0  00042
?___fltol                                      cstackBANK0  00064
?___lldiv                                      cstackBANK0  00020
?___llmod                                      cstackBANK0  00020
?___lwdiv                                      cstackBANK0  00020
?___lwmod                                      cstackBANK0  00020
?___xxtofl                                     cstackBANK0  00020
?_printf                                       cstackBANK0  0005D
?_str2float                                    cstackBANK0  00064
?_vfprintf                                     cstackBANK0  00055
ADC_SelectChannel@channel                      cstackCOMMON 00075
ADC_SetInterruptHandler@InterruptHandler       cstackCOMMON 00074
EUSART_Read@readValue                          cstackCOMMON 00075
EUSART_SetErrorHandler@interruptHandler        cstackCOMMON 00074
EUSART_SetFramingErrorHandler@interruptHandler cstackCOMMON 00074
EUSART_SetOverrunErrorHandler@interruptHandler cstackCOMMON 00074
EUSART_SetRxInterruptHandler@interruptHandler  cstackCOMMON 00074
EUSART_SetTxInterruptHandler@interruptHandler  cstackCOMMON 00074
EUSART_Write@txData                            cstackCOMMON 00075
PI_SetKi@value                                 cstackBANK1  000DD
PI_SetKp@value                                 cstackBANK1  000DD
PI_SetSetpoint@value                           cstackCOMMON 00074
PWM5_LoadDutyValue@dutyValue                   cstackCOMMON 00074
SPI1_Open@spi1UniqueConfiguration              cstackCOMMON 00074
TMR6_HasOverflowOccured@status                 cstackCOMMON 00074
_ADACT                                         (abs)        0009F
_ADCON0                                        (abs)        0009D
_ADCON0bits                                    (abs)        0009D
_ADCON1                                        (abs)        0009E
_ADC_DefaultInterruptHandler                   text78       00002
_ADC_GetConversionResult                       text81       0147F
_ADC_ISR                                       text77       01588
_ADC_Initialize                                text59       015D9
_ADC_InterruptHandler                          bssBANK1     000BC
_ADC_SelectChannel                             text38       0157B
_ADC_SetInterruptHandler                       text60       01485
_ADRESH                                        (abs)        0009C
_ADRESL                                        (abs)        0009B
_ANSELA                                        (abs)        0018C
_ANSELB                                        (abs)        0018D
_ANSELC                                        (abs)        0018E
_BAUD1CON                                      (abs)        0019F
_EUSART_DefaultErrorHandler                    text75       01468
_EUSART_DefaultFramingErrorHandler             text74       00003
_EUSART_DefaultOverrunErrorHandler             text73       0146C
_EUSART_ErrorHandler                           bssBANK1     000BE
_EUSART_FramingErrorHandler                    bssBANK1     000C2
_EUSART_Initialize                             text53       008AF
_EUSART_OverrunErrorHandler                    bssBANK1     000C0
_EUSART_Read                                   text9        016FC
_EUSART_Receive_ISR                            text72       0083D
_EUSART_RxDataHandler                          text76       0162C
_EUSART_RxDefaultInterruptHandler              bssBANK1     000C4
_EUSART_SetErrorHandler                        text58       0148B
_EUSART_SetFramingErrorHandler                 text57       01491
_EUSART_SetOverrunErrorHandler                 text56       01497
_EUSART_SetRxInterruptHandler                  text55       0149D
_EUSART_SetTxInterruptHandler                  text54       014A3
_EUSART_Transmit_ISR                           text71       016B6
_EUSART_TxDefaultInterruptHandler              bssBANK1     000C6
_EUSART_Write                                  text23       01745
_EUSART_is_rx_ready                            text8        014CC
_INLVLA                                        (abs)        0038C
_INLVLB                                        (abs)        0038D
_INLVLC                                        (abs)        0038E
_INTCONbits                                    (abs)        0000B
_INTERRUPT_InterruptManager                    intentry     00004
_LATA                                          (abs)        0010C
_LATAbits                                      (abs)        0010C
_LATB                                          (abs)        0010D
_LATC                                          (abs)        0010E
_MASTER0_open                                  text35       01475
_ODCONA                                        (abs)        0028C
_ODCONB                                        (abs)        0028D
_ODCONC                                        (abs)        0028E
_OSCCON1                                       (abs)        00919
_OSCCON3                                       (abs)        0091B
_OSCEN                                         (abs)        0091D
_OSCFRQ                                        (abs)        0091F
_OSCILLATOR_Initialize                         text52       01531
_OSCTUNE                                       (abs)        0091E
_PI                                            text61       00E20
_PIE1bits                                      (abs)        00091
_PIN_MANAGER_Initialize                        text51       00876
_PIR0bits                                      (abs)        00010
_PIR1bits                                      (abs)        00011
_PIR2bits                                      (abs)        00012
_PI_GetKi                                      text32       015B7
_PI_GetKp                                      text31       015C8
_PI_GetSetPoint                                text30       01465
_PI_SetKi                                      text29       014FC
_PI_SetKp                                      text28       01506
_PI_SetSetpoint                                text27       007FB
_PLLR                                          (abs)        048E0
_PMD0                                          (abs)        00911
_PMD1                                          (abs)        00912
_PMD2                                          (abs)        00913
_PMD3                                          (abs)        00914
_PMD4                                          (abs)        00915
_PMD5                                          (abs)        00916
_PMD_Initialize                                text50       014BC
_PR2                                           (abs)        0001E
_PR4                                           (abs)        00416
_PR6                                           (abs)        0041D
_PWM5CON                                       (abs)        00619
_PWM5DCH                                       (abs)        00618
_PWM5DCL                                       (abs)        00617
_PWM5_Initialize                               text49       0153D
_PWM5_LoadDutyValue                            text69       01645
_PWMTMRSbits                                   (abs)        0061F
_RB4PPS                                        (abs)        00E9C
_RB6PPS                                        (abs)        00E9E
_RB7PPS                                        (abs)        00E9F
_RC1REG                                        (abs)        00199
_RC1STA                                        (abs)        0019D
_RC1STAbits                                    (abs)        0019D
_RC5PPS                                        (abs)        00EA5
_RXPPS                                         (abs)        00E24
_SLRCONA                                       (abs)        0030C
_SLRCONB                                       (abs)        0030D
_SLRCONC                                       (abs)        0030E
_SP1BRGH                                       (abs)        0019C
_SP1BRGL                                       (abs)        0019B
_SPI1_Close                                    (abs)        00000
_SPI1_ExchangeBlock                            (abs)        00000
_SPI1_ExchangeByte                             (abs)        00000
_SPI1_Initialize                               text48       015EB
_SPI1_Open                                     text36       00A6A
_SPI1_ReadBlock                                (abs)        00000
_SPI1_ReadByte                                 (abs)        00000
_SPI1_WriteBlock                               (abs)        00000
_SPI1_WriteByte                                (abs)        00000
_SSP1ADD                                       (abs)        00212
_SSP1BUF                                       (abs)        00211
_SSP1CLKPPS                                    (abs)        00E20
_SSP1CON1                                      (abs)        00215
_SSP1CON1bits                                  (abs)        00215
_SSP1CON2                                      (abs)        00216
_SSP1DATPPS                                    (abs)        00E21
_SSP1STAT                                      (abs)        00214
_SYSTEM_Initialize                             text42       01720
_T0CON0                                        (abs)        00017
_T0CON0bits                                    (abs)        00017
_T0CON1                                        (abs)        00018
_T2CON                                         (abs)        0001F
_T2CONbits                                     (abs)        0001F
_T4CON                                         (abs)        00417
_T4CONbits                                     (abs)        00417
_T6CON                                         (abs)        0041E
_T6CONbits                                     (abs)        0041E
_TMR0H                                         (abs)        00016
_TMR0L                                         (abs)        00015
_TMR0_HasOverflowOccured                       text41       01470
_TMR0_Initialize                               text47       014DE
_TMR2                                          (abs)        0001D
_TMR2_Initialize                               text46       014C4
_TMR4                                          (abs)        00415
_TMR4_Initialize                               text45       014E8
_TMR6                                          (abs)        0041C
_TMR6_HasOverflowOccured                       text40       0156E
_TMR6_Initialize                               text44       014F2
_TRISA                                         (abs)        0008C
_TRISB                                         (abs)        0008D
_TRISBbits                                     (abs)        0008D
_TRISC                                         (abs)        0008E
_TX1REG                                        (abs)        0019A
_TX1STA                                        (abs)        0019E
_TX1STAbits                                    (abs)        0019E
_WDTCON                                        (abs)        00097
_WDT_Initialize                                text43       00800
_WPUA                                          (abs)        0020C
_WPUB                                          (abs)        0020D
_WPUC                                          (abs)        0020E
__H__absolute__                                __absolute__ 00000
__Habs1                                        abs1         00000
__Hbank0                                       bank0        00000
__Hbank1                                       bank1        00000
__Hbank10                                      bank10       00000
__Hbank11                                      bank11       00000
__Hbank12                                      bank12       00000
__Hbank13                                      bank13       00000
__Hbank14                                      bank14       00000
__Hbank15                                      bank15       00000
__Hbank16                                      bank16       00000
__Hbank17                                      bank17       00000
__Hbank18                                      bank18       00000
__Hbank19                                      bank19       00000
__Hbank2                                       bank2        00000
__Hbank20                                      bank20       00000
__Hbank21                                      bank21       00000
__Hbank22                                      bank22       00000
__Hbank23                                      bank23       00000
__Hbank24                                      bank24       00000
__Hbank25                                      bank25       00000
__Hbank26                                      bank26       00000
__Hbank27                                      bank27       00000
__Hbank28                                      bank28       00000
__Hbank29                                      bank29       00000
__Hbank3                                       bank3        00000
__Hbank30                                      bank30       00000
__Hbank31                                      bank31       00000
__Hbank4                                       bank4        00000
__Hbank5                                       bank5        00000
__Hbank6                                       bank6        00000
__Hbank7                                       bank7        00000
__Hbank8                                       bank8        00000
__Hbank9                                       bank9        00000
__Hbigram                                      bigram       00000
__HbssBANK0                                    bssBANK0     00000
__HbssBANK1                                    bssBANK1     00000
__HbssBANK2                                    bssBANK2     00000
__HbssBANK3                                    bssBANK3     00000
__HbssCOMMON                                   bssCOMMON    00000
__Hcinit                                       cinit        00077
__Hclrtext                                     clrtext      00000
__Hcode                                        code         00000
__Hcommon                                      common       00000
__Hconfig                                      config       0800B
__HcstackBANK0                                 cstackBANK0  00000
__HcstackBANK1                                 cstackBANK1  00000
__HcstackBANK2                                 cstackBANK2  00000
__HcstackCOMMON                                cstackCOMMON 00000
__HdataBANK1                                   dataBANK1    00000
__HdataBANK2                                   dataBANK2    00000
__Heeprom_data                                 eeprom_data  00000
__Hend_init                                    end_init     0003E
__Hfunctab                                     functab      00000
__Hheap                                        heap         00000
__HidataBANK1                                  idataBANK1   00000
__HidataBANK2                                  idataBANK2   00000
__Hinit                                        init         0003C
__Hinittext                                    inittext     00000
__Hintentry                                    intentry     0003C
__Hmaintext                                    maintext     00000
__Hpowerup                                     powerup      00000
__Hram                                         ram          00000
__Hreset_vec                                   reset_vec    00002
__Hsfr0                                        sfr0         00000
__Hsfr1                                        sfr1         00000
__Hsfr10                                       sfr10        00000
__Hsfr11                                       sfr11        00000
__Hsfr12                                       sfr12        00000
__Hsfr13                                       sfr13        00000
__Hsfr14                                       sfr14        00000
__Hsfr15                                       sfr15        00000
__Hsfr16                                       sfr16        00000
__Hsfr17                                       sfr17        00000
__Hsfr18                                       sfr18        00000
__Hsfr19                                       sfr19        00000
__Hsfr2                                        sfr2         00000
__Hsfr20                                       sfr20        00000
__Hsfr21                                       sfr21        00000
__Hsfr22                                       sfr22        00000
__Hsfr23                                       sfr23        00000
__Hsfr24                                       sfr24        00000
__Hsfr25                                       sfr25        00000
__Hsfr26                                       sfr26        00000
__Hsfr27                                       sfr27        00000
__Hsfr28                                       sfr28        00000
__Hsfr29                                       sfr29        00000
__Hsfr3                                        sfr3         00000
__Hsfr30                                       sfr30        00000
__Hsfr31                                       sfr31        00000
__Hsfr4                                        sfr4         00000
__Hsfr5                                        sfr5         00000
__Hsfr6                                        sfr6         00000
__Hsfr7                                        sfr7         00000
__Hsfr8                                        sfr8         00000
__Hsfr9                                        sfr9         00000
__Hspace_0                                     (abs)        018B6
__Hspace_1                                     (abs)        001C0
__Hspace_2                                     (abs)        00000
__Hspace_3                                     (abs)        00000
__Hspace_4                                     (abs)        10012
__Hstack                                       stack        00000
__Hstrings                                     strings      00000
__Hstringtext1                                 stringtext1  00000
__Hstringtext10                                stringtext10 00000
__Hstringtext11                                stringtext11 00000
__Hstringtext12                                stringtext12 00000
__Hstringtext13                                stringtext13 00000
__Hstringtext14                                stringtext14 00000
__Hstringtext15                                stringtext15 00000
__Hstringtext16                                stringtext16 00000
__Hstringtext17                                stringtext17 00000
__Hstringtext2                                 stringtext2  00000
__Hstringtext3                                 stringtext3  00000
__Hstringtext4                                 stringtext4  00000
__Hstringtext5                                 stringtext5  00000
__Hstringtext6                                 stringtext6  00000
__Hstringtext7                                 stringtext7  00000
__Hstringtext8                                 stringtext8  00000
__Hstringtext9                                 stringtext9  00000
__Htext                                        text         00000
__L__absolute__                                __absolute__ 00000
__Labs1                                        abs1         00000
__Lbank0                                       bank0        00000
__Lbank1                                       bank1        00000
__Lbank10                                      bank10       00000
__Lbank11                                      bank11       00000
__Lbank12                                      bank12       00000
__Lbank13                                      bank13       00000
__Lbank14                                      bank14       00000
__Lbank15                                      bank15       00000
__Lbank16                                      bank16       00000
__Lbank17                                      bank17       00000
__Lbank18                                      bank18       00000
__Lbank19                                      bank19       00000
__Lbank2                                       bank2        00000
__Lbank20                                      bank20       00000
__Lbank21                                      bank21       00000
__Lbank22                                      bank22       00000
__Lbank23                                      bank23       00000
__Lbank24                                      bank24       00000
__Lbank25                                      bank25       00000
__Lbank26                                      bank26       00000
__Lbank27                                      bank27       00000
__Lbank28                                      bank28       00000
__Lbank29                                      bank29       00000
__Lbank3                                       bank3        00000
__Lbank30                                      bank30       00000
__Lbank31                                      bank31       00000
__Lbank4                                       bank4        00000
__Lbank5                                       bank5        00000
__Lbank6                                       bank6        00000
__Lbank7                                       bank7        00000
__Lbank8                                       bank8        00000
__Lbank9                                       bank9        00000
__Lbigram                                      bigram       00000
__LbssBANK0                                    bssBANK0     00000
__LbssBANK1                                    bssBANK1     00000
__LbssBANK2                                    bssBANK2     00000
__LbssBANK3                                    bssBANK3     00000
__LbssCOMMON                                   bssCOMMON    00000
__Lcinit                                       cinit        0003E
__Lclrtext                                     clrtext      00000
__Lcode                                        code         00000
__Lcommon                                      common       00000
__Lconfig                                      config       00000
__LcstackBANK0                                 cstackBANK0  00000
__LcstackBANK1                                 cstackBANK1  00000
__LcstackBANK2                                 cstackBANK2  00000
__LcstackCOMMON                                cstackCOMMON 00000
__LdataBANK1                                   dataBANK1    00000
__LdataBANK2                                   dataBANK2    00000
__Leeprom_data                                 eeprom_data  00000
__Lend_init                                    end_init     0003C
__Lfunctab                                     functab      00000
__Lheap                                        heap         00000
__LidataBANK1                                  idataBANK1   00000
__LidataBANK2                                  idataBANK2   00000
__Linit                                        init         0003C
__Linittext                                    inittext     00000
__Lintentry                                    intentry     00004
__Lmaintext                                    maintext     00000
__Lpowerup                                     powerup      00000
__Lram                                         ram          00000
__Lreset_vec                                   reset_vec    00000
__Lsfr0                                        sfr0         00000
__Lsfr1                                        sfr1         00000
__Lsfr10                                       sfr10        00000
__Lsfr11                                       sfr11        00000
__Lsfr12                                       sfr12        00000
__Lsfr13                                       sfr13        00000
__Lsfr14                                       sfr14        00000
__Lsfr15                                       sfr15        00000
__Lsfr16                                       sfr16        00000
__Lsfr17                                       sfr17        00000
__Lsfr18                                       sfr18        00000
__Lsfr19                                       sfr19        00000
__Lsfr2                                        sfr2         00000
__Lsfr20                                       sfr20        00000
__Lsfr21                                       sfr21        00000
__Lsfr22                                       sfr22        00000
__Lsfr23                                       sfr23        00000
__Lsfr24                                       sfr24        00000
__Lsfr25                                       sfr25        00000
__Lsfr26                                       sfr26        00000
__Lsfr27                                       sfr27        00000
__Lsfr28                                       sfr28        00000
__Lsfr29                                       sfr29        00000
__Lsfr3                                        sfr3         00000
__Lsfr30                                       sfr30        00000
__Lsfr31                                       sfr31        00000
__Lsfr4                                        sfr4         00000
__Lsfr5                                        sfr5         00000
__Lsfr6                                        sfr6         00000
__Lsfr7                                        sfr7         00000
__Lsfr8                                        sfr8         00000
__Lsfr9                                        sfr9         00000
__Lspace_0                                     (abs)        00000
__Lspace_1                                     (abs)        00000
__Lspace_2                                     (abs)        00000
__Lspace_3                                     (abs)        00000
__Lspace_4                                     (abs)        00000
__Lstack                                       stack        00000
__Lstrings                                     strings      00000
__Lstringtext1                                 stringtext1  00000
__Lstringtext10                                stringtext10 00000
__Lstringtext11                                stringtext11 00000
__Lstringtext12                                stringtext12 00000
__Lstringtext13                                stringtext13 00000
__Lstringtext14                                stringtext14 00000
__Lstringtext15                                stringtext15 00000
__Lstringtext16                                stringtext16 00000
__Lstringtext17                                stringtext17 00000
__Lstringtext2                                 stringtext2  00000
__Lstringtext3                                 stringtext3  00000
__Lstringtext4                                 stringtext4  00000
__Lstringtext5                                 stringtext5  00000
__Lstringtext6                                 stringtext6  00000
__Lstringtext7                                 stringtext7  00000
__Lstringtext8                                 stringtext8  00000
__Lstringtext9                                 stringtext9  00000
__Ltext                                        text         00000
__S0                                           (abs)        018B6
__S1                                           (abs)        001C0
__S3                                           (abs)        00000
__Umul8_16                                     text67       016D8
__Umul8_16@multiplicand                        cstackCOMMON 00074
__Umul8_16@multiplier                          cstackBANK0  00026
__Umul8_16@product                             cstackBANK0  00022
__Umul8_16@word_mpld                           cstackBANK0  00024
___bmul                                        text3        015FF
___bmul@multiplicand                           cstackCOMMON 00074
___bmul@multiplier                             cstackBANK0  00021
___bmul@product                                cstackBANK0  00020
___fladd                                       text68       002B2
___fladd@a                                     cstackBANK0  00032
___fladd@aexp                                  cstackBANK0  0003F
___fladd@b                                     cstackBANK0  0002E
___fladd@bexp                                  cstackBANK0  00040
___fladd@grs                                   cstackBANK0  00041
___fladd@signs                                 cstackBANK0  0003E
___fldiv                                       text5        004BA
___fldiv@a                                     cstackBANK0  00020
___fldiv@aexp                                  cstackBANK0  00039
___fldiv@b                                     cstackBANK0  00024
___fldiv@bexp                                  cstackBANK0  00038
___fldiv@grs                                   cstackBANK0  00034
___fldiv@new_exp                               cstackBANK0  00032
___fldiv@rem                                   cstackBANK0  0002D
___fldiv@sign                                  cstackBANK0  00031
___flmul                                       text66       00077
___flmul@a                                     cstackBANK0  0004E
___flmul@aexp                                  cstackBANK0  00058
___flmul@b                                     cstackBANK0  0004A
___flmul@bexp                                  cstackBANK0  0005D
___flmul@grs                                   cstackBANK0  00059
___flmul@prod                                  cstackBANK0  0005E
___flmul@sign                                  cstackBANK0  00057
___flmul@temp                                  cstackBANK0  00062
___flsub                                       text26       01696
___flsub@a                                     cstackBANK0  00042
___flsub@b                                     cstackBANK0  00046
___fltol                                       text65       00BF4
___fltol@exp1                                  cstackBANK0  0006D
___fltol@f1                                    cstackBANK0  00064
___fltol@sign1                                 cstackBANK0  0006C
___heap_hi                                     (abs)        00000
___heap_lo                                     (abs)        00000
___int_sp                                      stack        00000
___latbits                                     (abs)        00002
___lldiv                                       text25       009B4
___lldiv@counter                               cstackBANK0  0002C
___lldiv@dividend                              cstackBANK0  00024
___lldiv@divisor                               cstackBANK0  00020
___lldiv@quotient                              cstackBANK0  00028
___llmod                                       text24       00969
___llmod@counter                               cstackCOMMON 00075
___llmod@dividend                              cstackBANK0  00024
___llmod@divisor                               cstackBANK0  00020
___lwdiv                                       text20       008EC
___lwdiv@counter                               cstackBANK0  00024
___lwdiv@dividend                              cstackBANK0  00022
___lwdiv@divisor                               cstackBANK0  00020
___lwdiv@quotient                              cstackBANK0  00025
___lwmod                                       text19       01793
___lwmod@counter                               cstackCOMMON 00075
___lwmod@dividend                              cstackBANK0  00022
___lwmod@divisor                               cstackBANK0  00020
___sp                                          stack        00000
___stackhi                                     (abs)        00000
___stacklo                                     (abs)        00000
___xxtofl                                      text64       00D75
___xxtofl@arg                                  cstackBANK0  0002A
___xxtofl@exp                                  cstackBANK0  00029
___xxtofl@sign                                 cstackBANK0  00028
___xxtofl@val                                  cstackBANK0  00020
__end_of_ADC_DefaultInterruptHandler           text78       00003
__end_of_ADC_GetConversionResult               text81       01485
__end_of_ADC_ISR                               text77       01597
__end_of_ADC_Initialize                        text59       015EB
__end_of_ADC_SelectChannel                     text38       01588
__end_of_ADC_SetInterruptHandler               text60       0148B
__end_of_EUSART_DefaultErrorHandler            text75       0146C
__end_of_EUSART_DefaultFramingErrorHandler     text74       00004
__end_of_EUSART_DefaultOverrunErrorHandler     text73       01470
__end_of_EUSART_Initialize                     text53       008EC
__end_of_EUSART_Read                           text9        01720
__end_of_EUSART_Receive_ISR                    text72       00876
__end_of_EUSART_RxDataHandler                  text76       01645
__end_of_EUSART_SetErrorHandler                text58       01491
__end_of_EUSART_SetFramingErrorHandler         text57       01497
__end_of_EUSART_SetOverrunErrorHandler         text56       0149D
__end_of_EUSART_SetRxInterruptHandler          text55       014A3
__end_of_EUSART_SetTxInterruptHandler          text54       014A9
__end_of_EUSART_Transmit_ISR                   text71       016D8
__end_of_EUSART_Write                          text23       0176C
__end_of_EUSART_is_rx_ready                    text8        014D5
__end_of_INTERRUPT_InterruptManager            intentry     0003C
__end_of_MASTER0_open                          text35       0147A
__end_of_OSCILLATOR_Initialize                 text52       0153D
__end_of_PI                                    text61       00F08
__end_of_PIN_MANAGER_Initialize                text51       008AF
__end_of_PI_GetKi                              text32       015C8
__end_of_PI_GetKp                              text31       015D9
__end_of_PI_GetSetPoint                        text30       01468
__end_of_PI_SetKi                              text29       01506
__end_of_PI_SetKp                              text28       01510
__end_of_PI_SetSetpoint                        text27       00800
__end_of_PMD_Initialize                        text50       014C4
__end_of_PWM5_Initialize                       text49       01549
__end_of_PWM5_LoadDutyValue                    text69       0165E
__end_of_SPI1_Initialize                       text48       015FF
__end_of_SPI1_Open                             text36       00AC9
__end_of_SYSTEM_Initialize                     text42       01745
__end_of_TMR0_HasOverflowOccured               text41       01475
__end_of_TMR0_Initialize                       text47       014E8
__end_of_TMR2_Initialize                       text46       014CC
__end_of_TMR4_Initialize                       text45       014F2
__end_of_TMR6_HasOverflowOccured               text40       0157B
__end_of_TMR6_Initialize                       text44       014FC
__end_of_WDT_Initialize                        text43       00804
__end_of__Umul8_16                             text67       016FC
__end_of___bmul                                text3        01615
__end_of___fladd                               text68       004BA
__end_of___fldiv                               text5        00664
__end_of___flmul                               text66       002B2
__end_of___flsub                               text26       016B6
__end_of___fltol                               text65       00C65
__end_of___lldiv                               text25       00A0F
__end_of___llmod                               text24       009B4
__end_of___lwdiv                               text20       00929
__end_of___lwmod                               text19       017C8
__end_of___xxtofl                              text64       00E20
__end_of__initialization                       cinit        00073
__end_of_adcConversionDoneHandler              text79       0083D
__end_of_fputc                                 text17       00B28
__end_of_fputs                                 text16       01793
__end_of_getHartslag                           text39       01531
__end_of_getHoogteSensor                       text63       0151B
__end_of_getPotentiometer                      text62       01526
__end_of_initAdcMultiplexer                    text37       01555
__end_of_initLedStrip                          text33       0147F
__end_of_main                                  maintext     00BF4
__end_of_pad                                   text15       01800
__end_of_printFloat                            text10       007FB
__end_of_printNewLine                          text7        014DE
__end_of_printStr                              text22       01678
__end_of_printUint32                           text21       00B8A
__end_of_printf                                text11       015A7
__end_of_putch                                 text18       014BC
__end_of_readLine                              text6        00A6A
__end_of_spi1_configuration                    stringtext2  01808
__end_of_spiMaster                             stringtext1  0184A
__end_of_spi_master_open                       text34       0162C
__end_of_str2float                             text4        01000
__end_of_str2uint8                             text2        00969
__end_of_uartHandler                           text1        0075C
__end_of_utoa                                  text14       00CE1
__end_of_vfpfcnvrt                             text13       00D75
__end_of_vfprintf                              text12       01696
__end_ofi1_ADC_SelectChannel                   text80       0156E
__initialization                               cinit        0003E
__pbssBANK0                                    bssBANK0     0006F
__pbssBANK1                                    bssBANK1     000A0
__pbssBANK2                                    bssBANK2     00120
__pbssBANK3                                    bssBANK3     001A0
__pbssCOMMON                                   bssCOMMON    00076
__pcstackBANK0                                 cstackBANK0  00020
__pcstackBANK1                                 cstackBANK1  000D3
__pcstackBANK2                                 cstackBANK2  0015F
__pcstackCOMMON                                cstackCOMMON 00070
__pdataBANK1                                   dataBANK1    000E3
__pdataBANK2                                   dataBANK2    0014F
__pidataBANK1                                  idataBANK1   01555
__pidataBANK2                                  idataBANK2   015A7
__pintentry                                    intentry     00004
[...]
__ptext38                                      text38       0157B
__ptext39                                      text39       01526
__ptext4                                       text4        00F08
__ptext40                                      text40       0156E
__ptext41                                      text41       01470
__ptext42                                      text42       01720
__ptext43                                      text43       00800
__ptext44                                      text44       014F2
__ptext45                                      text45       014E8
__ptext46                                      text46       014C4
__ptext47                                      text47       014DE
__ptext48                                      text48       015EB
__ptext49                                      text49       0153D
__ptext5                                       text5        004BA
__ptext50                                      text50       014BC
__ptext51                                      text51       00876
__ptext52                                      text52       01531
__ptext53                                      text53       008AF
__ptext54                                      text54       014A3
__ptext55                                      text55       0149D
__ptext56                                      text56       01497
__ptext57                                      text57       01491
__ptext58                                      text58       0148B
__ptext59                                      text59       015D9
__ptext6                                       text6        00A0F
__ptext60                                      text60       01485
__ptext61                                      text61       00E20
__ptext62                                      text62       0151B
__ptext63                                      text63       01510
__ptext64                                      text64       00D75
__ptext65                                      text65       00BF4
__ptext66                                      text66       00077
__ptext67                                      text67       016D8
__ptext68                                      text68       002B2
__ptext69                                      text69       01645
__ptext7                                       text7        014D5
__ptext71                                      text71       016B6
__ptext72                                      text72       0083D
__ptext73                                      text73       0146C
__ptext74                                      text74       00003
__ptext75                                      text75       01468
__ptext76                                      text76       0162C
__ptext77                                      text77       01588
__ptext78                                      text78       00002
__ptext79                                      text79       00804
__ptext8                                       text8        014CC
__ptext80                                      text80       01561
__ptext81                                      text81       0147F
__ptext9                                       text9        016FC
_adcConversionDoneHandler                      text79       00804
_buffer                                        dataBANK2    0014F
_dbuf                                          bssBANK3     001A0
_dutycycle                                     bssBANK1     000B6
_error                                         bssBANK1     000BA
_eusartRxBuffer                                bssBANK2     00120
_eusartRxCount                                 bssBANK1     000D1
_eusartRxHead                                  bssCOMMON    00077
_eusartRxLastError                             bssBANK1     000D0
_eusartRxStatusBuffer                          bssBANK1     000A0
_eusartRxTail                                  bssCOMMON    00076
_eusartTxBuffer                                bssBANK2     00128
_eusartTxBufferRemaining                       bssBANK1     000D2
_eusartTxHead                                  bssCOMMON    00079
_eusartTxTail                                  bssCOMMON    00078
_flags                                         bssBANK1     000C8
_fputc                                         text17       00AC9
_fputs                                         text16       0176C
_getHartslag                                   text39       01526
_getHoogteSensor                               text63       01510
_getPotentiometer                              text62       0151B
_hartslagsensor                                bssBANK1     000B0
_hoogteSensor                                  bssBANK1     000B4
_initAdcMultiplexer                            text37       01549
_initLedStrip                                  text33       0147A
_integral                                      bssBANK1     000A8
_ki                                            dataBANK1    000E7
_kp                                            dataBANK1    000E3
_line                                          bssBANK2     00130
_main                                          maintext     00B8A
_mustPrintLogs                                 dataBANK1    000ED
_pad                                           text15       017C8
_potentiometer                                 bssBANK1     000B2
_prec                                          bssBANK1     000AE
_printBuffer                                   bssBANK2     00144
_printFloat                                    text10       0075C
_printNewLine                                  text7        014D5
_printStr                                      text22       0165E
_printUint32                                   text21       00B28
_printf                                        text11       01597
_putch                                         text18       014B5
_readLine                                      text6        00A0F
_sensorHeight                                  bssBANK1     000CF
_setpoint                                      dataBANK1    000EE
_spi1_configuration                            stringtext2  01800
_spi_master_open                               text34       01615
_str2float                                     text4        00F08
_str2uint8                                     text2        00929
_uartHandler                                   text1        00664
_utoa                                          text14       00C65
_vfpfcnvrt                                     text13       00CE1
_vfprintf                                      text12       01678
_width                                         bssBANK1     000AC
adcConversionDoneHandler@channel               dataBANK1    000EB
btemp                                          (abs)        0007E
clear_ram0                                     clrtext      014A9
end_of_initialization                          cinit        00073
fputc@c                                        cstackBANK0  00021
fputc@fp                                       cstackBANK0  00023
fputs@c                                        cstackBANK0  0002F
fputs@fp                                       cstackBANK0  0002A
fputs@i                                        cstackBANK0  00030
fputs@s                                        cstackBANK0  0002E
i1ADC_SelectChannel@channel                    cstackCOMMON 00071
i1_ADC_SelectChannel                           text80       01561
init_ram                                       inittext     014AF
int$flags                                      (abs)        0007E
intlevel0                                      functab      00000
intlevel1                                      functab      00000
intlevel2                                      functab      00000
intlevel3                                      functab      00000
intlevel4                                      functab      00000
intlevel5                                      functab      00000
main@printCycle                                bssBANK1     000CE
pad@buf                                        cstackBANK0  00034
pad@fp                                         cstackBANK0  00032
pad@i                                          cstackBANK0  00038
pad@p                                          cstackBANK0  00035
pad@w                                          cstackBANK0  0003A
printFloat@naComma                             cstackBANK1  000D7
printFloat@value                               cstackBANK1  000D3
printFloat@voorComma                           cstackBANK1  000DB
printStr@str                                   cstackBANK0  00021
printUint32@getal                              cstackBANK0  0002D
printUint32@i                                  cstackBANK0  00033
printUint32@leadingZeros                       cstackBANK0  00031
printf@ap                                      cstackBANK0  00063
printf@fmt                                     cstackBANK0  0005D
putch@txData                                   cstackBANK0  00020
readLine@index                                 bssBANK0     0006F
reset_vec                                      reset_vec    00000
spi_master_open@config                         cstackCOMMON 00075
start                                          init         0003C
start_initialization                           cinit        0003E
str2float@cijfer                               cstackBANK1  000DC
str2float@getal                                cstackBANK1  000D8
str2float@i                                    cstackBANK1  000D3
str2float@kommaCounter                         cstackBANK1  000D6
str2float@kommaPresent                         cstackBANK1  000D5
str2float@str                                  cstackBANK1  000D7
str2uint8@cijfer                               cstackBANK0  00026
str2uint8@getal                                cstackBANK0  00027
str2uint8@i                                    cstackBANK0  00024
str2uint8@str                                  cstackBANK0  00023
uartHandler@str                                cstackBANK0  0006E
updateLedstripAnimation@blue                   bssBANK1     000CA
updateLedstripAnimation@change_color           bssBANK1     000CB
updateLedstripAnimation@direction              bssBANK1     000CD
updateLedstripAnimation@green                  bssBANK1     000C9
updateLedstripAnimation@led_run                bssBANK1     000CC
updateLedstripAnimation@red                    dataBANK1    000EC
utoa@d                                         cstackBANK0  0003E
utoa@fp                                        cstackBANK0  0003C
utoa@i                                         cstackBANK0  00045
utoa@p                                         cstackBANK0  00043
utoa@w                                         cstackBANK0  00041
vfpfcnvrt@ap                                   cstackBANK0  0004A
vfpfcnvrt@convarg                              cstackBANK0  0004F
vfpfcnvrt@cp                                   cstackBANK0  00053
vfpfcnvrt@fmt                                  cstackBANK0  00049
vfpfcnvrt@fp                                   cstackBANK0  00047
vfprintf@ap                                    cstackBANK0  00059
vfprintf@cfmt                                  cstackBANK0  0005B
vfprintf@fmt                                   cstackBANK0  00057
vfprintf@fp                                    cstackBANK0  00055
wtemp0                                         (abs)        0007E


MODULE INFORMATION

Module		Function		Class		Link	Load	Size
C:\Program Files\Microchip\xc8\v2.41\pic\sources\c99\common\llmod.c
		___llmod       		CODE           	0969	0000	75

C:\Program Files\Microchip\xc8\v2.41\pic\sources\c99\common\llmod.c estimated size: 75

UART.c
		_printStr      		CODE           	165E	0000	26
		_printNewLine  		CODE           	14D5	0000	9
		_printFloat    		CODE           	075C	0000	159
		_str2float     		CODE           	0F08	0000	248
		_readLine      		CODE           	0A0F	0000	91
		_printUint32   		CODE           	0B28	0000	98
		_uartHandler   		CODE           	0664	0000	248
		_str2uint8     		CODE           	0929	0000	64

UART.c estimated size: 943

mcc_generated_files/tmr6.c
		_TMR6_HasOverflowOccured		CODE           	156E	0000	13
		_TMR6_Initialize		CODE           	14F2	0000	10

mcc_generated_files/tmr6.c estimated size: 23

C:\Program Files\Microchip\xc8\v2.41\pic\sources\c99\common\Umul8_16.c
		__Umul8_16     		CODE           	16D8	0000	36

C:\Program Files\Microchip\xc8\v2.41\pic\sources\c99\common\Umul8_16.c estimated size: 36

C:\Program Files\Microchip\xc8\v2.41\pic\sources\c99\common\fltol.c
		___fltol       		CODE           	0BF4	0000	113

C:\Program Files\Microchip\xc8\v2.41\pic\sources\c99\common\fltol.c estimated size: 113

mcc_generated_files/tmr4.c
		_TMR4_Initialize		CODE           	14E8	0000	10

mcc_generated_files/tmr4.c estimated size: 10

C:\Program Files\Microchip\xc8\v2.41\pic\sources\c99\common\xxtofl.c
		___xxtofl      		CODE           	0D75	0000	171

C:\Program Files\Microchip\xc8\v2.41\pic\sources\c99\common\xxtofl.c estimated size: 171

C:\Program Files\Microchip\xc8\v2.41\pic\sources\c99\common\__lldiv.c
		___lldiv       		CODE           	09B4	0000	91

C:\Program Files\Microchip\xc8\v2.41\pic\sources\c99\common\__lldiv.c estimated size: 91

mcc_generated_files/tmr2.c
		_TMR2_Initialize		CODE           	14C4	0000	8

mcc_generated_files/tmr2.c estimated size: 8

mcc_generated_files/interrupt_manager.c
		_INTERRUPT_InterruptManager		CODE           	0004	0000	56

mcc_generated_files/interrupt_manager.c estimated size: 56

C:\Program Files\Microchip\xc8\v2.41\pic\sources\c99\common\nf_fputc.c
		_fputc         		CODE           	0AC9	0000	95

C:\Program Files\Microchip\xc8\v2.41\pic\sources\c99\common\nf_fputc.c estimated size: 95

mcc_generated_files/tmr0.c
		_TMR0_HasOverflowOccured		CODE           	1470	0000	5
		_TMR0_Initialize		CODE           	14DE	0000	10

mcc_generated_files/tmr0.c estimated size: 15

mcc_generated_files/pin_manager.c
		_PIN_MANAGER_Initialize		CODE           	0876	0000	57

mcc_generated_files/pin_manager.c estimated size: 57

C:\Program Files\Microchip\xc8\v2.41\pic\sources\c99\common\sprcadd.c
		___flsub       		CODE           	1696	0000	32
		___fladd       		CODE           	02B2	0000	520

C:\Program Files\Microchip\xc8\v2.41\pic\sources\c99\common\sprcadd.c estimated size: 552

C:\Program Files\Microchip\xc8\v2.41\pic\sources\c99\common\lwdiv.c
		___lwdiv       		CODE           	08EC	0000	61

C:\Program Files\Microchip\xc8\v2.41\pic\sources\c99\common\lwdiv.c estimated size: 61

mcc_generated_files/spi1.c
		_SPI1_Open     		CODE           	0A6A	0000	95
		_SPI1_Initialize		CODE           	15EB	0000	20

mcc_generated_files/spi1.c estimated size: 115

mcc_generated_files/adc.c
		_ADC_DefaultInterruptHandler		CODE           	0002	0000	1
		_ADC_Initialize		CODE           	15D9	0000	18
		_ADC_SetInterruptHandler		CODE           	1485	0000	6
		_ADC_GetConversionResult		CODE           	147F	0000	6
		_ADC_ISR       		CODE           	1588	0000	15
		_ADC_SelectChannel		CODE           	157B	0000	13

mcc_generated_files/adc.c estimated size: 59

C:\Program Files\Microchip\xc8\v2.41\pic\sources\c99\common\doprnt.c
		_vfpfcnvrt     		CODE           	0CE1	0000	148
		_pad           		CODE           	17C8	0000	56
		_vfprintf      		CODE           	1678	0000	30
		_utoa          		CODE           	0C65	0000	124

C:\Program Files\Microchip\xc8\v2.41\pic\sources\c99\common\doprnt.c estimated size: 358

C:\Program Files\Microchip\xc8\v2.41\pic\sources\c99\common\Umul8.c
		___bmul        		CODE           	15FF	0000	22

C:\Program Files\Microchip\xc8\v2.41\pic\sources\c99\common\Umul8.c estimated size: 22

PI.c
		_PI_GetSetPoint		CODE           	1465	0000	3
		_PI_SetSetpoint		CODE           	07FB	0000	5
		_PI            		CODE           	0E20	0000	232
		_PI_GetKi      		CODE           	15B7	0000	17
		_PI_GetKp      		CODE           	15C8	0000	17
		_PI_SetKi      		CODE           	14FC	0000	10
		_PI_SetKp      		CODE           	1506	0000	10

PI.c estimated size: 294

mcc_generated_files/drivers/spi_master.c
		_spi_master_open		CODE           	1615	0000	23
		_MASTER0_open  		CODE           	1475	0000	5

mcc_generated_files/drivers/spi_master.c estimated size: 28

shared
		__initialization		CODE           	003E	0000	53
		i1_ADC_SelectChannel		CODE           	1561	0000	13
		_spiMaster     		STRCODE        	0000	0000	0
		_spi1_configuration		STRCODE        	1800	0000	8

shared estimated size: 74

mcc_generated_files/pwm5.c
		_PWM5_LoadDutyValue		CODE           	1645	0000	25
		_PWM5_Initialize		CODE           	153D	0000	12

mcc_generated_files/pwm5.c estimated size: 37

mcc_generated_files/mcc.c
		_WDT_Initialize		CODE           	0800	0000	4
		_PMD_Initialize		CODE           	14BC	0000	8
		_OSCILLATOR_Initialize		CODE           	1531	0000	12
		_SYSTEM_Initialize		CODE           	1720	0000	37

mcc_generated_files/mcc.c estimated size: 61

ledstrip.c
		_initLedStrip  		CODE           	147A	0000	5

ledstrip.c estimated size: 5

C:\Program Files\Microchip\xc8\v2.41\pic\sources\c99\common\nf_fputs.c
		_fputs         		CODE           	176C	0000	39

C:\Program Files\Microchip\xc8\v2.41\pic\sources\c99\common\nf_fputs.c estimated size: 39

mcc_generated_files/eusart.c
		_EUSART_SetRxInterruptHandler		CODE           	149D	0000	6
		_EUSART_SetTxInterruptHandler		CODE           	14A3	0000	6
		_putch         		CODE           	14B5	0000	7
		_EUSART_Read   		CODE           	16FC	0000	36
		_EUSART_DefaultOverrunErrorHandler		CODE           	146C	0000	4
		_EUSART_Write  		CODE           	1745	0000	39
		_EUSART_DefaultErrorHandler		CODE           	1468	0000	4
		_EUSART_Transmit_ISR		CODE           	16B6	0000	34
		_EUSART_Initialize		CODE           	08AF	0000	61
		_EUSART_SetFramingErrorHandler		CODE           	1491	0000	6
		_EUSART_SetErrorHandler		CODE           	148B	0000	6
		_EUSART_SetOverrunErrorHandler		CODE           	1497	0000	6
		_EUSART_Receive_ISR		CODE           	083D	0000	57
		_EUSART_RxDataHandler		CODE           	162C	0000	25
		_EUSART_DefaultFramingErrorHandler		CODE           	0003	0000	1
		_EUSART_is_rx_ready		CODE           	14CC	0000	9

mcc_generated_files/eusart.c estimated size: 307

main.c
		_main          		CODE           	0B8A	0000	106

main.c estimated size: 106

C:\Program Files\Microchip\xc8\v2.41\pic\sources\c99\common\sprcmul.c
		___flmul       		CODE           	0077	0000	571

C:\Program Files\Microchip\xc8\v2.41\pic\sources\c99\common\sprcmul.c estimated size: 571

C:\Program Files\Microchip\xc8\v2.41\pic\sources\c99\common\printf.c
		_printf        		CODE           	1597	0000	16

C:\Program Files\Microchip\xc8\v2.41\pic\sources\c99\common\printf.c estimated size: 16

adcMultiplexer.c
		_getHartslag   		CODE           	1526	0000	11
		_getHoogteSensor		CODE           	1510	0000	11
		_initAdcMultiplexer		CODE           	1549	0000	12
		_adcConversionDoneHandler		CODE           	0804	0000	57
		_getPotentiometer		CODE           	151B	0000	11

adcMultiplexer.c estimated size: 102

C:\Program Files\Microchip\xc8\v2.41\pic\sources\c99\common\sprcdiv.c
		___fldiv       		CODE           	04BA	0000	426

C:\Program Files\Microchip\xc8\v2.41\pic\sources\c99\common\sprcdiv.c estimated size: 426

C:\Program Files\Microchip\xc8\v2.41\pic\sources\c99\common\lwmod.c
		___lwmod       		CODE           	1793	0000	53

C:\Program Files\Microchip\xc8\v2.41\pic\sources\c99\common\lwmod.c estimated size: 53

